Initial state
K=(3.6;5.7)
L=(2.2;8.4)
M=(3;4)
After adding
K=(7.2;11.4)
L=(4.4;16.8)
M=(6;8)
After functional initializers
K=(2.02;3.5)
L=(4.2;7.8)
M=(2;4)
After Multiplications
K=(-8.1696;14.14)
L=(-43.2;65.52)
M=(-12;16)
After notational initializers
K=(3.14;15.92)
L=(2.21;3.02)
M=(3;2)
After subtraction
K=(0;0)
L=(0;0)
M=(0;0)
After real initializers
K=(15.92;0)
L=(3.02;0)
M=(2;0)
After Divide
K=(1;0)
L=(1;0)
M=(1;0)
After implicit real initializers
K=(1;0)
L=(1;0)
M=(1;0)
After imaginary initializers
K=(0;15.92)
L=(0;3.02)
M=(0;2)
