
define internal i8* @xl_eval_if(i8*, i8*) {
allocas:
  ret i8* %0
}

define internal i8* @xl_eval_if3(i8*, i8*) {
allocas:
  ret i8* %1
}

define internal i8* @xl_eval_if4(i8*, i8*) {
allocas:
  ret i8* %0
}

define internal i8* @xl_eval_if5(i8*, i8*) {
allocas:
  ret i8* %1
}

define %Tree* @xl_program() {
allocas:
  %0 = call i8* @xl_eval_if(i8* getelementptr inbounds ([6 x i8]* @text1, i32 0, i32 0), i8* getelementptr inbounds ([6 x i8]* @text2, i32 0, i32 0))
  %1 = call %Text* @xl_new_ctext(i8* %0)
  %2 = bitcast %Text* %1 to %Tree*
  ret %Tree* %2
}
"hello"
