04.Lookup/type_redefined.xl:32: The type 'K' can't be defined here
| type K is function (U : integer) return real
|______^
04.Lookup/type_redefined.xl:31: because a type named 'K' already exists
| type K is function (Z : integer) return integer
|______^
04.Lookup/type_redefined.xl:34: The type 'integer' can't be defined here
| type integer
|____________^
04.Lookup/type_redefined.xl:29: because a type named 'integer' already exists
| type integer
|____________^
04.Lookup/type_redefined.xl:37: No translation found for 'result := integer ( )'
|    type integer
|___^
./xl_builtins.xs:233: Generic parameter type 'range' 
|     type range is record with
|______________^
./xl_builtins.xs:34: cannot be both 'integer'
|     type integer                                                                                is XL.BYTECODE.xlint
|________________^
04.Lookup/type_redefined.xl:29: and 'integer' in the same instance
| type integer
|____________^
04.Lookup/type_redefined.xl:37: The type 'integer' can't be defined here
|    type integer
|_______________^
04.Lookup/type_redefined.xl:29: because a type named 'integer' already exists
| type integer
|____________^
04.Lookup/type_redefined.xl:38: No translation found for 'L := integer ( )'
|    L : integer
|____^
./xl_builtins.xs:233: Generic parameter type 'range' 
|     type range is record with
|______________^
./xl_builtins.xs:34: cannot be both 'integer'
|     type integer                                                                                is XL.BYTECODE.xlint
|________________^
04.Lookup/type_redefined.xl:29: and 'integer' in the same instance
| type integer
|____________^
