DEL(4), DEL(11), DEL(19), DEL(20), DEL(12), DEL(7), DEL(13), DEL(21), DEL(35), DEL(36), DEL(33), DEL(37), DEL(39), DEL(41), DEL(43), DEL(42), DEL(40), DEL(38), DEL(34), DEL(29), DEL(22), DEL(14), DEL(8), DEL(5), DEL(2), DEL(15), DEL(23), DEL(24), DEL(16), DEL(9), DEL(25), DEL(30), DEL(26), DEL(17), DEL(31), DEL(32), DEL(27), DEL(28), DEL(18), DEL(10), DEL(6), DEL(3), DEL(1)
