DEBUG: 5
DEBUG: 5
DEBUG: 5
DEBUG: 4
DEBUG: 5
DEBUG: 3
DEBUG: 5
DEBUG: 2
DEBUG: 5
DEBUG: 1
DEBUG: 5
DEBUG: 0
DEBUG: (N - 1) 5 ?null?
DEBUG: 5
DEBUG: 4
DEBUG: 4
DEBUG: 4
DEBUG: 3
DEBUG: 4
DEBUG: 2
DEBUG: 4
DEBUG: 1
DEBUG: 4
DEBUG: 0
DEBUG: (N - 1) 4 ?null?
DEBUG: 5
DEBUG: 3
DEBUG: 4
DEBUG: 3
DEBUG: 3
DEBUG: 3
DEBUG: 2
DEBUG: 3
DEBUG: 1
DEBUG: 3
DEBUG: 0
DEBUG: (N - 1) 3 ?null?
DEBUG: 5
DEBUG: 2
DEBUG: 4
DEBUG: 2
DEBUG: 3
DEBUG: 2
DEBUG: 2
DEBUG: 2
DEBUG: 1
DEBUG: 2
DEBUG: 0
DEBUG: (N - 1) 2 ?null?
DEBUG: 5
DEBUG: 1
DEBUG: 4
DEBUG: 1
DEBUG: 3
DEBUG: 1
DEBUG: 2
DEBUG: 1
DEBUG: 1
DEBUG: 1
DEBUG: 0
DEBUG: (N - 1) 1 ?null?
DEBUG: 5
DEBUG: 0
DEBUG: 4
DEBUG: 0
DEBUG: 3
DEBUG: 0
DEBUG: 2
DEBUG: 0
DEBUG: 1
DEBUG: 0
DEBUG: 0
0
