#include <stdio.h>
typedef char                   xlint8;
typedef short                  xlint16;
typedef int                    xlint32;
typedef long long              xlint64;
typedef unsigned char          xluint8;
typedef unsigned short         xluint16;
typedef unsigned int           xluint32;
typedef unsigned long long     xluint64;
typedef float                  xlreal32;
typedef double                 xlreal64;
typedef int                    xlint;
typedef unsigned               xluint;
typedef double                 xlreal;
typedef char                   xlbool;
typedef char                   xlchar;
typedef const char *           xltext;
typedef void *                 xlptr;
typedef struct {}              xlrecord, xlmodule;
typedef FILE *                 xlfile;
typedef struct Record_948 {
  xlmodule base_1;
} Record_948;
Record_948 xlbuiltins_949; /* Global */
xlreal k_950; /* Global */
xlreal l_951; /* Global */
xlreal o_952; /* Global */
xlint s_953; /* Global */
xlint t_954; /* Global */
xlint ret_955; /* Temp */
xlint ret_956; /* Temp */
int main(int _argc, char **_argv)
{
xlint ret_955; /* Temp */
xlint ret_956; /* Temp */
k_950 = 1;
l_951 = 1;
o_952 = 1;
ret_955 = s_953 * 2;
ret_956 = ret_955 * 2;
t_954 = ret_956;
    /* Main */
    return 0;
}
/*end*/
