#define XLINIT 1
#include "xl_lib.h"
typedef char                   xlint8;
typedef short                  xlint16;
typedef int                    xlint32;
typedef long long              xlint64;
typedef unsigned char          xluint8;
typedef unsigned short         xluint16;
typedef unsigned int           xluint32;
typedef unsigned long long     xluint64;
typedef float                  xlreal32;
typedef double                 xlreal64;
typedef int                    xlint;
typedef unsigned               xluint;
typedef double                 xlreal;
typedef char                   xlbool;
typedef wchar_t                xlchar;
typedef ::text                 xltext;
typedef struct {}              xlrecord, xlmodule;
typedef xlint (*FnPtr_4) ( xlint src_3 ) ;
xlint copy_5 ( xlint src_3 ) ;
typedef xlint (*FnPtr_7) ( xlint x_6 ) ;
xlint negate_8 ( xlint x_6 ) ;
typedef xlint (*FnPtr_11) ( xlint x_9 , xlint y_10 ) ;
xlint add_12 ( xlint x_9 , xlint y_10 ) ;
typedef xlint (*FnPtr_15) ( xlint x_13 , xlint y_14 ) ;
xlint subtract_16 ( xlint x_13 , xlint y_14 ) ;
typedef xlint (*FnPtr_19) ( xlint x_17 , xlint y_18 ) ;
xlint multiply_20 ( xlint x_17 , xlint y_18 ) ;
typedef xlint (*FnPtr_23) ( xlint x_21 , xlint y_22 ) ;
xlint divide_24 ( xlint x_21 , xlint y_22 ) ;
typedef xlint (*FnPtr_27) ( xlint x_25 , xlint y_26 ) ;
xlint modulo_28 ( xlint x_25 , xlint y_26 ) ;
typedef xlint (*FnPtr_31) ( xlint x_29 , xlint y_30 ) ;
xlint remainder_32 ( xlint x_29 , xlint y_30 ) ;
typedef xlint (*FnPtr_35) ( xlint x_33 , xluint y_34 ) ;
xlint power_36 ( xlint x_33 , xluint y_34 ) ;
typedef xlbool (*FnPtr_39) ( xlint x_37 , xlint y_38 ) ;
xlbool equal_40 ( xlint x_37 , xlint y_38 ) ;
typedef xlbool (*FnPtr_43) ( xlint x_41 , xlint y_42 ) ;
xlbool lessthan_44 ( xlint x_41 , xlint y_42 ) ;
typedef xlbool (*FnPtr_47) ( xlint x_45 , xlint y_46 ) ;
xlbool lessorequal_48 ( xlint x_45 , xlint y_46 ) ;
typedef xlbool (*FnPtr_51) ( xlint x_49 , xlint y_50 ) ;
xlbool greaterthan_52 ( xlint x_49 , xlint y_50 ) ;
typedef xlbool (*FnPtr_55) ( xlint x_53 , xlint y_54 ) ;
xlbool greaterorequal_56 ( xlint x_53 , xlint y_54 ) ;
typedef xlbool (*FnPtr_59) ( xlint x_57 , xlint y_58 ) ;
xlbool different_60 ( xlint x_57 , xlint y_58 ) ;
typedef xlint (*FnPtr_63) ( xlint x_61 , xlint y_62 ) ;
xlint bitwiseand_64 ( xlint x_61 , xlint y_62 ) ;
typedef xlint (*FnPtr_67) ( xlint x_65 , xlint y_66 ) ;
xlint bitwiseor_68 ( xlint x_65 , xlint y_66 ) ;
typedef xlint (*FnPtr_71) ( xlint x_69 , xlint y_70 ) ;
xlint bitwisexor_72 ( xlint x_69 , xlint y_70 ) ;
typedef xlint (*FnPtr_74) ( xlint x_73 ) ;
xlint bitwisenot_75 ( xlint x_73 ) ;
typedef xlint8 (*FnPtr_78) ( xlint8 src_77 ) ;
xlint8 copy_79 ( xlint8 src_77 ) ;
typedef xlint8 (*FnPtr_81) ( xlint8 x_80 ) ;
xlint8 negate_82 ( xlint8 x_80 ) ;
typedef xlint8 (*FnPtr_85) ( xlint8 x_83 , xlint8 y_84 ) ;
xlint8 add_86 ( xlint8 x_83 , xlint8 y_84 ) ;
typedef xlint8 (*FnPtr_89) ( xlint8 x_87 , xlint8 y_88 ) ;
xlint8 subtract_90 ( xlint8 x_87 , xlint8 y_88 ) ;
typedef xlint8 (*FnPtr_93) ( xlint8 x_91 , xlint8 y_92 ) ;
xlint8 multiply_94 ( xlint8 x_91 , xlint8 y_92 ) ;
typedef xlint8 (*FnPtr_97) ( xlint8 x_95 , xlint8 y_96 ) ;
xlint8 divide_98 ( xlint8 x_95 , xlint8 y_96 ) ;
typedef xlint8 (*FnPtr_101) ( xlint8 x_99 , xlint8 y_100 ) ;
xlint8 modulo_102 ( xlint8 x_99 , xlint8 y_100 ) ;
typedef xlint8 (*FnPtr_105) ( xlint8 x_103 , xlint8 y_104 ) ;
xlint8 remainder_106 ( xlint8 x_103 , xlint8 y_104 ) ;
typedef xlint8 (*FnPtr_109) ( xlint8 x_107 , xluint y_108 ) ;
xlint8 power_110 ( xlint8 x_107 , xluint y_108 ) ;
typedef xlbool (*FnPtr_113) ( xlint8 x_111 , xlint8 y_112 ) ;
xlbool equal_114 ( xlint8 x_111 , xlint8 y_112 ) ;
typedef xlbool (*FnPtr_117) ( xlint8 x_115 , xlint8 y_116 ) ;
xlbool lessthan_118 ( xlint8 x_115 , xlint8 y_116 ) ;
typedef xlbool (*FnPtr_121) ( xlint8 x_119 , xlint8 y_120 ) ;
xlbool lessorequal_122 ( xlint8 x_119 , xlint8 y_120 ) ;
typedef xlbool (*FnPtr_125) ( xlint8 x_123 , xlint8 y_124 ) ;
xlbool greaterthan_126 ( xlint8 x_123 , xlint8 y_124 ) ;
typedef xlbool (*FnPtr_129) ( xlint8 x_127 , xlint8 y_128 ) ;
xlbool greaterorequal_130 ( xlint8 x_127 , xlint8 y_128 ) ;
typedef xlbool (*FnPtr_133) ( xlint8 x_131 , xlint8 y_132 ) ;
xlbool different_134 ( xlint8 x_131 , xlint8 y_132 ) ;
typedef xlint8 (*FnPtr_137) ( xlint8 x_135 , xlint8 y_136 ) ;
xlint8 bitwiseand_138 ( xlint8 x_135 , xlint8 y_136 ) ;
typedef xlint8 (*FnPtr_141) ( xlint8 x_139 , xlint8 y_140 ) ;
xlint8 bitwiseor_142 ( xlint8 x_139 , xlint8 y_140 ) ;
typedef xlint8 (*FnPtr_145) ( xlint8 x_143 , xlint8 y_144 ) ;
xlint8 bitwisexor_146 ( xlint8 x_143 , xlint8 y_144 ) ;
typedef xlint8 (*FnPtr_148) ( xlint8 x_147 ) ;
xlint8 bitwisenot_149 ( xlint8 x_147 ) ;
typedef xlint16 (*FnPtr_152) ( xlint16 src_151 ) ;
xlint16 copy_153 ( xlint16 src_151 ) ;
typedef xlint16 (*FnPtr_155) ( xlint16 x_154 ) ;
xlint16 negate_156 ( xlint16 x_154 ) ;
typedef xlint16 (*FnPtr_159) ( xlint16 x_157 , xlint16 y_158 ) ;
xlint16 add_160 ( xlint16 x_157 , xlint16 y_158 ) ;
typedef xlint16 (*FnPtr_163) ( xlint16 x_161 , xlint16 y_162 ) ;
xlint16 subtract_164 ( xlint16 x_161 , xlint16 y_162 ) ;
typedef xlint16 (*FnPtr_167) ( xlint16 x_165 , xlint16 y_166 ) ;
xlint16 multiply_168 ( xlint16 x_165 , xlint16 y_166 ) ;
typedef xlint16 (*FnPtr_171) ( xlint16 x_169 , xlint16 y_170 ) ;
xlint16 divide_172 ( xlint16 x_169 , xlint16 y_170 ) ;
typedef xlint16 (*FnPtr_175) ( xlint16 x_173 , xlint16 y_174 ) ;
xlint16 modulo_176 ( xlint16 x_173 , xlint16 y_174 ) ;
typedef xlint16 (*FnPtr_179) ( xlint16 x_177 , xlint16 y_178 ) ;
xlint16 remainder_180 ( xlint16 x_177 , xlint16 y_178 ) ;
typedef xlint16 (*FnPtr_183) ( xlint16 x_181 , xluint y_182 ) ;
xlint16 power_184 ( xlint16 x_181 , xluint y_182 ) ;
typedef xlbool (*FnPtr_187) ( xlint16 x_185 , xlint16 y_186 ) ;
xlbool equal_188 ( xlint16 x_185 , xlint16 y_186 ) ;
typedef xlbool (*FnPtr_191) ( xlint16 x_189 , xlint16 y_190 ) ;
xlbool lessthan_192 ( xlint16 x_189 , xlint16 y_190 ) ;
typedef xlbool (*FnPtr_195) ( xlint16 x_193 , xlint16 y_194 ) ;
xlbool lessorequal_196 ( xlint16 x_193 , xlint16 y_194 ) ;
typedef xlbool (*FnPtr_199) ( xlint16 x_197 , xlint16 y_198 ) ;
xlbool greaterthan_200 ( xlint16 x_197 , xlint16 y_198 ) ;
typedef xlbool (*FnPtr_203) ( xlint16 x_201 , xlint16 y_202 ) ;
xlbool greaterorequal_204 ( xlint16 x_201 , xlint16 y_202 ) ;
typedef xlbool (*FnPtr_207) ( xlint16 x_205 , xlint16 y_206 ) ;
xlbool different_208 ( xlint16 x_205 , xlint16 y_206 ) ;
typedef xlint16 (*FnPtr_211) ( xlint16 x_209 , xlint16 y_210 ) ;
xlint16 bitwiseand_212 ( xlint16 x_209 , xlint16 y_210 ) ;
typedef xlint16 (*FnPtr_215) ( xlint16 x_213 , xlint16 y_214 ) ;
xlint16 bitwiseor_216 ( xlint16 x_213 , xlint16 y_214 ) ;
typedef xlint16 (*FnPtr_219) ( xlint16 x_217 , xlint16 y_218 ) ;
xlint16 bitwisexor_220 ( xlint16 x_217 , xlint16 y_218 ) ;
typedef xlint16 (*FnPtr_222) ( xlint16 x_221 ) ;
xlint16 bitwisenot_223 ( xlint16 x_221 ) ;
typedef xlint32 (*FnPtr_226) ( xlint32 src_225 ) ;
xlint32 copy_227 ( xlint32 src_225 ) ;
typedef xlint32 (*FnPtr_229) ( xlint32 x_228 ) ;
xlint32 negate_230 ( xlint32 x_228 ) ;
typedef xlint32 (*FnPtr_233) ( xlint32 x_231 , xlint32 y_232 ) ;
xlint32 add_234 ( xlint32 x_231 , xlint32 y_232 ) ;
typedef xlint32 (*FnPtr_237) ( xlint32 x_235 , xlint32 y_236 ) ;
xlint32 subtract_238 ( xlint32 x_235 , xlint32 y_236 ) ;
typedef xlint32 (*FnPtr_241) ( xlint32 x_239 , xlint32 y_240 ) ;
xlint32 multiply_242 ( xlint32 x_239 , xlint32 y_240 ) ;
typedef xlint32 (*FnPtr_245) ( xlint32 x_243 , xlint32 y_244 ) ;
xlint32 divide_246 ( xlint32 x_243 , xlint32 y_244 ) ;
typedef xlint32 (*FnPtr_249) ( xlint32 x_247 , xlint32 y_248 ) ;
xlint32 modulo_250 ( xlint32 x_247 , xlint32 y_248 ) ;
typedef xlint32 (*FnPtr_253) ( xlint32 x_251 , xlint32 y_252 ) ;
xlint32 remainder_254 ( xlint32 x_251 , xlint32 y_252 ) ;
typedef xlint32 (*FnPtr_257) ( xlint32 x_255 , xluint y_256 ) ;
xlint32 power_258 ( xlint32 x_255 , xluint y_256 ) ;
typedef xlbool (*FnPtr_261) ( xlint32 x_259 , xlint32 y_260 ) ;
xlbool equal_262 ( xlint32 x_259 , xlint32 y_260 ) ;
typedef xlbool (*FnPtr_265) ( xlint32 x_263 , xlint32 y_264 ) ;
xlbool lessthan_266 ( xlint32 x_263 , xlint32 y_264 ) ;
typedef xlbool (*FnPtr_269) ( xlint32 x_267 , xlint32 y_268 ) ;
xlbool lessorequal_270 ( xlint32 x_267 , xlint32 y_268 ) ;
typedef xlbool (*FnPtr_273) ( xlint32 x_271 , xlint32 y_272 ) ;
xlbool greaterthan_274 ( xlint32 x_271 , xlint32 y_272 ) ;
typedef xlbool (*FnPtr_277) ( xlint32 x_275 , xlint32 y_276 ) ;
xlbool greaterorequal_278 ( xlint32 x_275 , xlint32 y_276 ) ;
typedef xlbool (*FnPtr_281) ( xlint32 x_279 , xlint32 y_280 ) ;
xlbool different_282 ( xlint32 x_279 , xlint32 y_280 ) ;
typedef xlint32 (*FnPtr_285) ( xlint32 x_283 , xlint32 y_284 ) ;
xlint32 bitwiseand_286 ( xlint32 x_283 , xlint32 y_284 ) ;
typedef xlint32 (*FnPtr_289) ( xlint32 x_287 , xlint32 y_288 ) ;
xlint32 bitwiseor_290 ( xlint32 x_287 , xlint32 y_288 ) ;
typedef xlint32 (*FnPtr_293) ( xlint32 x_291 , xlint32 y_292 ) ;
xlint32 bitwisexor_294 ( xlint32 x_291 , xlint32 y_292 ) ;
typedef xlint32 (*FnPtr_296) ( xlint32 x_295 ) ;
xlint32 bitwisenot_297 ( xlint32 x_295 ) ;
typedef xlint64 (*FnPtr_300) ( xlint64 src_299 ) ;
xlint64 copy_301 ( xlint64 src_299 ) ;
typedef xlint64 (*FnPtr_303) ( xlint64 x_302 ) ;
xlint64 negate_304 ( xlint64 x_302 ) ;
typedef xlint64 (*FnPtr_307) ( xlint64 x_305 , xlint64 y_306 ) ;
xlint64 add_308 ( xlint64 x_305 , xlint64 y_306 ) ;
typedef xlint64 (*FnPtr_311) ( xlint64 x_309 , xlint64 y_310 ) ;
xlint64 subtract_312 ( xlint64 x_309 , xlint64 y_310 ) ;
typedef xlint64 (*FnPtr_315) ( xlint64 x_313 , xlint64 y_314 ) ;
xlint64 multiply_316 ( xlint64 x_313 , xlint64 y_314 ) ;
typedef xlint64 (*FnPtr_319) ( xlint64 x_317 , xlint64 y_318 ) ;
xlint64 divide_320 ( xlint64 x_317 , xlint64 y_318 ) ;
typedef xlint64 (*FnPtr_323) ( xlint64 x_321 , xlint64 y_322 ) ;
xlint64 modulo_324 ( xlint64 x_321 , xlint64 y_322 ) ;
typedef xlint64 (*FnPtr_327) ( xlint64 x_325 , xlint64 y_326 ) ;
xlint64 remainder_328 ( xlint64 x_325 , xlint64 y_326 ) ;
typedef xlint64 (*FnPtr_331) ( xlint64 x_329 , xluint y_330 ) ;
xlint64 power_332 ( xlint64 x_329 , xluint y_330 ) ;
typedef xlbool (*FnPtr_335) ( xlint64 x_333 , xlint64 y_334 ) ;
xlbool equal_336 ( xlint64 x_333 , xlint64 y_334 ) ;
typedef xlbool (*FnPtr_339) ( xlint64 x_337 , xlint64 y_338 ) ;
xlbool lessthan_340 ( xlint64 x_337 , xlint64 y_338 ) ;
typedef xlbool (*FnPtr_343) ( xlint64 x_341 , xlint64 y_342 ) ;
xlbool lessorequal_344 ( xlint64 x_341 , xlint64 y_342 ) ;
typedef xlbool (*FnPtr_347) ( xlint64 x_345 , xlint64 y_346 ) ;
xlbool greaterthan_348 ( xlint64 x_345 , xlint64 y_346 ) ;
typedef xlbool (*FnPtr_351) ( xlint64 x_349 , xlint64 y_350 ) ;
xlbool greaterorequal_352 ( xlint64 x_349 , xlint64 y_350 ) ;
typedef xlbool (*FnPtr_355) ( xlint64 x_353 , xlint64 y_354 ) ;
xlbool different_356 ( xlint64 x_353 , xlint64 y_354 ) ;
typedef xlint64 (*FnPtr_359) ( xlint64 x_357 , xlint64 y_358 ) ;
xlint64 bitwiseand_360 ( xlint64 x_357 , xlint64 y_358 ) ;
typedef xlint64 (*FnPtr_363) ( xlint64 x_361 , xlint64 y_362 ) ;
xlint64 bitwiseor_364 ( xlint64 x_361 , xlint64 y_362 ) ;
typedef xlint64 (*FnPtr_367) ( xlint64 x_365 , xlint64 y_366 ) ;
xlint64 bitwisexor_368 ( xlint64 x_365 , xlint64 y_366 ) ;
typedef xlint64 (*FnPtr_370) ( xlint64 x_369 ) ;
xlint64 bitwisenot_371 ( xlint64 x_369 ) ;
typedef xluint (*FnPtr_374) ( xluint src_373 ) ;
xluint copy_375 ( xluint src_373 ) ;
typedef xluint (*FnPtr_378) ( xluint x_376 , xluint y_377 ) ;
xluint add_379 ( xluint x_376 , xluint y_377 ) ;
typedef xluint (*FnPtr_382) ( xluint x_380 , xluint y_381 ) ;
xluint subtract_383 ( xluint x_380 , xluint y_381 ) ;
typedef xluint (*FnPtr_386) ( xluint x_384 , xluint y_385 ) ;
xluint multiply_387 ( xluint x_384 , xluint y_385 ) ;
typedef xluint (*FnPtr_390) ( xluint x_388 , xluint y_389 ) ;
xluint divide_391 ( xluint x_388 , xluint y_389 ) ;
typedef xluint (*FnPtr_394) ( xluint x_392 , xluint y_393 ) ;
xluint modulo_395 ( xluint x_392 , xluint y_393 ) ;
typedef xluint (*FnPtr_398) ( xluint x_396 , xluint y_397 ) ;
xluint remainder_399 ( xluint x_396 , xluint y_397 ) ;
typedef xluint (*FnPtr_402) ( xluint x_400 , xluint y_401 ) ;
xluint power_403 ( xluint x_400 , xluint y_401 ) ;
typedef xlbool (*FnPtr_406) ( xluint x_404 , xluint y_405 ) ;
xlbool equal_407 ( xluint x_404 , xluint y_405 ) ;
typedef xlbool (*FnPtr_410) ( xluint x_408 , xluint y_409 ) ;
xlbool lessthan_411 ( xluint x_408 , xluint y_409 ) ;
typedef xlbool (*FnPtr_414) ( xluint x_412 , xluint y_413 ) ;
xlbool lessorequal_415 ( xluint x_412 , xluint y_413 ) ;
typedef xlbool (*FnPtr_418) ( xluint x_416 , xluint y_417 ) ;
xlbool greaterthan_419 ( xluint x_416 , xluint y_417 ) ;
typedef xlbool (*FnPtr_422) ( xluint x_420 , xluint y_421 ) ;
xlbool greaterorequal_423 ( xluint x_420 , xluint y_421 ) ;
typedef xlbool (*FnPtr_426) ( xluint x_424 , xluint y_425 ) ;
xlbool different_427 ( xluint x_424 , xluint y_425 ) ;
typedef xluint (*FnPtr_430) ( xluint x_428 , xluint y_429 ) ;
xluint bitwiseand_431 ( xluint x_428 , xluint y_429 ) ;
typedef xluint (*FnPtr_434) ( xluint x_432 , xluint y_433 ) ;
xluint bitwiseor_435 ( xluint x_432 , xluint y_433 ) ;
typedef xluint (*FnPtr_438) ( xluint x_436 , xluint y_437 ) ;
xluint bitwisexor_439 ( xluint x_436 , xluint y_437 ) ;
typedef xluint (*FnPtr_441) ( xluint x_440 ) ;
xluint bitwisenot_442 ( xluint x_440 ) ;
typedef xluint8 (*FnPtr_445) ( xluint8 src_444 ) ;
xluint8 copy_446 ( xluint8 src_444 ) ;
typedef xluint8 (*FnPtr_449) ( xluint8 x_447 , xluint8 y_448 ) ;
xluint8 add_450 ( xluint8 x_447 , xluint8 y_448 ) ;
typedef xluint8 (*FnPtr_453) ( xluint8 x_451 , xluint8 y_452 ) ;
xluint8 subtract_454 ( xluint8 x_451 , xluint8 y_452 ) ;
typedef xluint8 (*FnPtr_457) ( xluint8 x_455 , xluint8 y_456 ) ;
xluint8 multiply_458 ( xluint8 x_455 , xluint8 y_456 ) ;
typedef xluint8 (*FnPtr_461) ( xluint8 x_459 , xluint8 y_460 ) ;
xluint8 divide_462 ( xluint8 x_459 , xluint8 y_460 ) ;
typedef xluint8 (*FnPtr_465) ( xluint8 x_463 , xluint8 y_464 ) ;
xluint8 modulo_466 ( xluint8 x_463 , xluint8 y_464 ) ;
typedef xluint8 (*FnPtr_469) ( xluint8 x_467 , xluint8 y_468 ) ;
xluint8 remainder_470 ( xluint8 x_467 , xluint8 y_468 ) ;
typedef xluint8 (*FnPtr_473) ( xluint8 x_471 , xluint y_472 ) ;
xluint8 power_474 ( xluint8 x_471 , xluint y_472 ) ;
typedef xlbool (*FnPtr_477) ( xluint8 x_475 , xluint8 y_476 ) ;
xlbool equal_478 ( xluint8 x_475 , xluint8 y_476 ) ;
typedef xlbool (*FnPtr_481) ( xluint8 x_479 , xluint8 y_480 ) ;
xlbool lessthan_482 ( xluint8 x_479 , xluint8 y_480 ) ;
typedef xlbool (*FnPtr_485) ( xluint8 x_483 , xluint8 y_484 ) ;
xlbool lessorequal_486 ( xluint8 x_483 , xluint8 y_484 ) ;
typedef xlbool (*FnPtr_489) ( xluint8 x_487 , xluint8 y_488 ) ;
xlbool greaterthan_490 ( xluint8 x_487 , xluint8 y_488 ) ;
typedef xlbool (*FnPtr_493) ( xluint8 x_491 , xluint8 y_492 ) ;
xlbool greaterorequal_494 ( xluint8 x_491 , xluint8 y_492 ) ;
typedef xlbool (*FnPtr_497) ( xluint8 x_495 , xluint8 y_496 ) ;
xlbool different_498 ( xluint8 x_495 , xluint8 y_496 ) ;
typedef xluint8 (*FnPtr_501) ( xluint8 x_499 , xluint8 y_500 ) ;
xluint8 bitwiseand_502 ( xluint8 x_499 , xluint8 y_500 ) ;
typedef xluint8 (*FnPtr_505) ( xluint8 x_503 , xluint8 y_504 ) ;
xluint8 bitwiseor_506 ( xluint8 x_503 , xluint8 y_504 ) ;
typedef xluint8 (*FnPtr_509) ( xluint8 x_507 , xluint8 y_508 ) ;
xluint8 bitwisexor_510 ( xluint8 x_507 , xluint8 y_508 ) ;
typedef xluint8 (*FnPtr_512) ( xluint8 x_511 ) ;
xluint8 bitwisenot_513 ( xluint8 x_511 ) ;
typedef xluint16 (*FnPtr_516) ( xluint16 src_515 ) ;
xluint16 copy_517 ( xluint16 src_515 ) ;
typedef xluint16 (*FnPtr_520) ( xluint16 x_518 , xluint16 y_519 ) ;
xluint16 add_521 ( xluint16 x_518 , xluint16 y_519 ) ;
typedef xluint16 (*FnPtr_524) ( xluint16 x_522 , xluint16 y_523 ) ;
xluint16 subtract_525 ( xluint16 x_522 , xluint16 y_523 ) ;
typedef xluint16 (*FnPtr_528) ( xluint16 x_526 , xluint16 y_527 ) ;
xluint16 multiply_529 ( xluint16 x_526 , xluint16 y_527 ) ;
typedef xluint16 (*FnPtr_532) ( xluint16 x_530 , xluint16 y_531 ) ;
xluint16 divide_533 ( xluint16 x_530 , xluint16 y_531 ) ;
typedef xluint16 (*FnPtr_536) ( xluint16 x_534 , xluint16 y_535 ) ;
xluint16 modulo_537 ( xluint16 x_534 , xluint16 y_535 ) ;
typedef xluint16 (*FnPtr_540) ( xluint16 x_538 , xluint16 y_539 ) ;
xluint16 remainder_541 ( xluint16 x_538 , xluint16 y_539 ) ;
typedef xluint16 (*FnPtr_544) ( xluint16 x_542 , xluint y_543 ) ;
xluint16 power_545 ( xluint16 x_542 , xluint y_543 ) ;
typedef xlbool (*FnPtr_548) ( xluint16 x_546 , xluint16 y_547 ) ;
xlbool equal_549 ( xluint16 x_546 , xluint16 y_547 ) ;
typedef xlbool (*FnPtr_552) ( xluint16 x_550 , xluint16 y_551 ) ;
xlbool lessthan_553 ( xluint16 x_550 , xluint16 y_551 ) ;
typedef xlbool (*FnPtr_556) ( xluint16 x_554 , xluint16 y_555 ) ;
xlbool lessorequal_557 ( xluint16 x_554 , xluint16 y_555 ) ;
typedef xlbool (*FnPtr_560) ( xluint16 x_558 , xluint16 y_559 ) ;
xlbool greaterthan_561 ( xluint16 x_558 , xluint16 y_559 ) ;
typedef xlbool (*FnPtr_564) ( xluint16 x_562 , xluint16 y_563 ) ;
xlbool greaterorequal_565 ( xluint16 x_562 , xluint16 y_563 ) ;
typedef xlbool (*FnPtr_568) ( xluint16 x_566 , xluint16 y_567 ) ;
xlbool different_569 ( xluint16 x_566 , xluint16 y_567 ) ;
typedef xluint16 (*FnPtr_572) ( xluint16 x_570 , xluint16 y_571 ) ;
xluint16 bitwiseand_573 ( xluint16 x_570 , xluint16 y_571 ) ;
typedef xluint16 (*FnPtr_576) ( xluint16 x_574 , xluint16 y_575 ) ;
xluint16 bitwiseor_577 ( xluint16 x_574 , xluint16 y_575 ) ;
typedef xluint16 (*FnPtr_580) ( xluint16 x_578 , xluint16 y_579 ) ;
xluint16 bitwisexor_581 ( xluint16 x_578 , xluint16 y_579 ) ;
typedef xluint16 (*FnPtr_583) ( xluint16 x_582 ) ;
xluint16 bitwisenot_584 ( xluint16 x_582 ) ;
typedef xluint32 (*FnPtr_587) ( xluint32 src_586 ) ;
xluint32 copy_588 ( xluint32 src_586 ) ;
typedef xluint32 (*FnPtr_591) ( xluint32 x_589 , xluint32 y_590 ) ;
xluint32 add_592 ( xluint32 x_589 , xluint32 y_590 ) ;
typedef xluint32 (*FnPtr_595) ( xluint32 x_593 , xluint32 y_594 ) ;
xluint32 subtract_596 ( xluint32 x_593 , xluint32 y_594 ) ;
typedef xluint32 (*FnPtr_599) ( xluint32 x_597 , xluint32 y_598 ) ;
xluint32 multiply_600 ( xluint32 x_597 , xluint32 y_598 ) ;
typedef xluint32 (*FnPtr_603) ( xluint32 x_601 , xluint32 y_602 ) ;
xluint32 divide_604 ( xluint32 x_601 , xluint32 y_602 ) ;
typedef xluint32 (*FnPtr_607) ( xluint32 x_605 , xluint32 y_606 ) ;
xluint32 modulo_608 ( xluint32 x_605 , xluint32 y_606 ) ;
typedef xluint32 (*FnPtr_611) ( xluint32 x_609 , xluint32 y_610 ) ;
xluint32 remainder_612 ( xluint32 x_609 , xluint32 y_610 ) ;
typedef xluint32 (*FnPtr_615) ( xluint32 x_613 , xluint y_614 ) ;
xluint32 power_616 ( xluint32 x_613 , xluint y_614 ) ;
typedef xlbool (*FnPtr_619) ( xluint32 x_617 , xluint32 y_618 ) ;
xlbool equal_620 ( xluint32 x_617 , xluint32 y_618 ) ;
typedef xlbool (*FnPtr_623) ( xluint32 x_621 , xluint32 y_622 ) ;
xlbool lessthan_624 ( xluint32 x_621 , xluint32 y_622 ) ;
typedef xlbool (*FnPtr_627) ( xluint32 x_625 , xluint32 y_626 ) ;
xlbool lessorequal_628 ( xluint32 x_625 , xluint32 y_626 ) ;
typedef xlbool (*FnPtr_631) ( xluint32 x_629 , xluint32 y_630 ) ;
xlbool greaterthan_632 ( xluint32 x_629 , xluint32 y_630 ) ;
typedef xlbool (*FnPtr_635) ( xluint32 x_633 , xluint32 y_634 ) ;
xlbool greaterorequal_636 ( xluint32 x_633 , xluint32 y_634 ) ;
typedef xlbool (*FnPtr_639) ( xluint32 x_637 , xluint32 y_638 ) ;
xlbool different_640 ( xluint32 x_637 , xluint32 y_638 ) ;
typedef xluint32 (*FnPtr_643) ( xluint32 x_641 , xluint32 y_642 ) ;
xluint32 bitwiseand_644 ( xluint32 x_641 , xluint32 y_642 ) ;
typedef xluint32 (*FnPtr_647) ( xluint32 x_645 , xluint32 y_646 ) ;
xluint32 bitwiseor_648 ( xluint32 x_645 , xluint32 y_646 ) ;
typedef xluint32 (*FnPtr_651) ( xluint32 x_649 , xluint32 y_650 ) ;
xluint32 bitwisexor_652 ( xluint32 x_649 , xluint32 y_650 ) ;
typedef xluint32 (*FnPtr_654) ( xluint32 x_653 ) ;
xluint32 bitwisenot_655 ( xluint32 x_653 ) ;
typedef xluint64 (*FnPtr_658) ( xluint64 src_657 ) ;
xluint64 copy_659 ( xluint64 src_657 ) ;
typedef xluint64 (*FnPtr_662) ( xluint64 x_660 , xluint64 y_661 ) ;
xluint64 add_663 ( xluint64 x_660 , xluint64 y_661 ) ;
typedef xluint64 (*FnPtr_666) ( xluint64 x_664 , xluint64 y_665 ) ;
xluint64 subtract_667 ( xluint64 x_664 , xluint64 y_665 ) ;
typedef xluint64 (*FnPtr_670) ( xluint64 x_668 , xluint64 y_669 ) ;
xluint64 multiply_671 ( xluint64 x_668 , xluint64 y_669 ) ;
typedef xluint64 (*FnPtr_674) ( xluint64 x_672 , xluint64 y_673 ) ;
xluint64 divide_675 ( xluint64 x_672 , xluint64 y_673 ) ;
typedef xluint64 (*FnPtr_678) ( xluint64 x_676 , xluint64 y_677 ) ;
xluint64 modulo_679 ( xluint64 x_676 , xluint64 y_677 ) ;
typedef xluint64 (*FnPtr_682) ( xluint64 x_680 , xluint64 y_681 ) ;
xluint64 remainder_683 ( xluint64 x_680 , xluint64 y_681 ) ;
typedef xluint64 (*FnPtr_686) ( xluint64 x_684 , xluint y_685 ) ;
xluint64 power_687 ( xluint64 x_684 , xluint y_685 ) ;
typedef xlbool (*FnPtr_690) ( xluint64 x_688 , xluint64 y_689 ) ;
xlbool equal_691 ( xluint64 x_688 , xluint64 y_689 ) ;
typedef xlbool (*FnPtr_694) ( xluint64 x_692 , xluint64 y_693 ) ;
xlbool lessthan_695 ( xluint64 x_692 , xluint64 y_693 ) ;
typedef xlbool (*FnPtr_698) ( xluint64 x_696 , xluint64 y_697 ) ;
xlbool lessorequal_699 ( xluint64 x_696 , xluint64 y_697 ) ;
typedef xlbool (*FnPtr_702) ( xluint64 x_700 , xluint64 y_701 ) ;
xlbool greaterthan_703 ( xluint64 x_700 , xluint64 y_701 ) ;
typedef xlbool (*FnPtr_706) ( xluint64 x_704 , xluint64 y_705 ) ;
xlbool greaterorequal_707 ( xluint64 x_704 , xluint64 y_705 ) ;
typedef xlbool (*FnPtr_710) ( xluint64 x_708 , xluint64 y_709 ) ;
xlbool different_711 ( xluint64 x_708 , xluint64 y_709 ) ;
typedef xluint64 (*FnPtr_714) ( xluint64 x_712 , xluint64 y_713 ) ;
xluint64 bitwiseand_715 ( xluint64 x_712 , xluint64 y_713 ) ;
typedef xluint64 (*FnPtr_718) ( xluint64 x_716 , xluint64 y_717 ) ;
xluint64 bitwiseor_719 ( xluint64 x_716 , xluint64 y_717 ) ;
typedef xluint64 (*FnPtr_722) ( xluint64 x_720 , xluint64 y_721 ) ;
xluint64 bitwisexor_723 ( xluint64 x_720 , xluint64 y_721 ) ;
typedef xluint64 (*FnPtr_725) ( xluint64 x_724 ) ;
xluint64 bitwisenot_726 ( xluint64 x_724 ) ;
typedef xlreal (*FnPtr_729) ( xlreal src_728 ) ;
xlreal copy_730 ( xlreal src_728 ) ;
typedef xlreal (*FnPtr_732) ( xlreal x_731 ) ;
xlreal negate_733 ( xlreal x_731 ) ;
typedef xlreal (*FnPtr_736) ( xlreal x_734 , xlreal y_735 ) ;
xlreal add_737 ( xlreal x_734 , xlreal y_735 ) ;
typedef xlreal (*FnPtr_740) ( xlreal x_738 , xlreal y_739 ) ;
xlreal subtract_741 ( xlreal x_738 , xlreal y_739 ) ;
typedef xlreal (*FnPtr_744) ( xlreal x_742 , xlreal y_743 ) ;
xlreal multiply_745 ( xlreal x_742 , xlreal y_743 ) ;
typedef xlreal (*FnPtr_748) ( xlreal x_746 , xlreal y_747 ) ;
xlreal divide_749 ( xlreal x_746 , xlreal y_747 ) ;
typedef xlreal (*FnPtr_752) ( xlreal x_750 , xlreal y_751 ) ;
xlreal modulo_753 ( xlreal x_750 , xlreal y_751 ) ;
typedef xlreal (*FnPtr_756) ( xlreal x_754 , xlreal y_755 ) ;
xlreal remainder_757 ( xlreal x_754 , xlreal y_755 ) ;
typedef xlreal (*FnPtr_760) ( xlreal x_758 , xluint y_759 ) ;
xlreal power_761 ( xlreal x_758 , xluint y_759 ) ;
typedef xlreal (*FnPtr_764) ( xlreal x_762 , xlint y_763 ) ;
xlreal power_765 ( xlreal x_762 , xlint y_763 ) ;
typedef xlreal (*FnPtr_768) ( xlreal x_766 , xlreal y_767 ) ;
xlreal power_769 ( xlreal x_766 , xlreal y_767 ) ;
typedef xlbool (*FnPtr_772) ( xlreal x_770 , xlreal y_771 ) ;
xlbool equal_773 ( xlreal x_770 , xlreal y_771 ) ;
typedef xlbool (*FnPtr_776) ( xlreal x_774 , xlreal y_775 ) ;
xlbool lessthan_777 ( xlreal x_774 , xlreal y_775 ) ;
typedef xlbool (*FnPtr_780) ( xlreal x_778 , xlreal y_779 ) ;
xlbool lessorequal_781 ( xlreal x_778 , xlreal y_779 ) ;
typedef xlbool (*FnPtr_784) ( xlreal x_782 , xlreal y_783 ) ;
xlbool greaterthan_785 ( xlreal x_782 , xlreal y_783 ) ;
typedef xlbool (*FnPtr_788) ( xlreal x_786 , xlreal y_787 ) ;
xlbool greaterorequal_789 ( xlreal x_786 , xlreal y_787 ) ;
typedef xlbool (*FnPtr_792) ( xlreal x_790 , xlreal y_791 ) ;
xlbool different_793 ( xlreal x_790 , xlreal y_791 ) ;
typedef xlreal32 (*FnPtr_796) ( xlreal32 src_795 ) ;
xlreal32 copy_797 ( xlreal32 src_795 ) ;
typedef xlreal32 (*FnPtr_799) ( xlreal32 x_798 ) ;
xlreal32 negate_800 ( xlreal32 x_798 ) ;
typedef xlreal32 (*FnPtr_803) ( xlreal32 x_801 , xlreal32 y_802 ) ;
xlreal32 add_804 ( xlreal32 x_801 , xlreal32 y_802 ) ;
typedef xlreal32 (*FnPtr_807) ( xlreal32 x_805 , xlreal32 y_806 ) ;
xlreal32 subtract_808 ( xlreal32 x_805 , xlreal32 y_806 ) ;
typedef xlreal32 (*FnPtr_811) ( xlreal32 x_809 , xlreal32 y_810 ) ;
xlreal32 multiply_812 ( xlreal32 x_809 , xlreal32 y_810 ) ;
typedef xlreal32 (*FnPtr_815) ( xlreal32 x_813 , xlreal32 y_814 ) ;
xlreal32 divide_816 ( xlreal32 x_813 , xlreal32 y_814 ) ;
typedef xlreal32 (*FnPtr_819) ( xlreal32 x_817 , xlreal32 y_818 ) ;
xlreal32 modulo_820 ( xlreal32 x_817 , xlreal32 y_818 ) ;
typedef xlreal32 (*FnPtr_823) ( xlreal32 x_821 , xlreal32 y_822 ) ;
xlreal32 remainder_824 ( xlreal32 x_821 , xlreal32 y_822 ) ;
typedef xlreal32 (*FnPtr_827) ( xlreal32 x_825 , xluint y_826 ) ;
xlreal32 power_828 ( xlreal32 x_825 , xluint y_826 ) ;
typedef xlreal32 (*FnPtr_831) ( xlreal32 x_829 , xlint y_830 ) ;
xlreal32 power_832 ( xlreal32 x_829 , xlint y_830 ) ;
typedef xlreal32 (*FnPtr_835) ( xlreal32 x_833 , xlreal32 y_834 ) ;
xlreal32 power_836 ( xlreal32 x_833 , xlreal32 y_834 ) ;
typedef xlbool (*FnPtr_839) ( xlreal32 x_837 , xlreal32 y_838 ) ;
xlbool equal_840 ( xlreal32 x_837 , xlreal32 y_838 ) ;
typedef xlbool (*FnPtr_843) ( xlreal32 x_841 , xlreal32 y_842 ) ;
xlbool lessthan_844 ( xlreal32 x_841 , xlreal32 y_842 ) ;
typedef xlbool (*FnPtr_847) ( xlreal32 x_845 , xlreal32 y_846 ) ;
xlbool lessorequal_848 ( xlreal32 x_845 , xlreal32 y_846 ) ;
typedef xlbool (*FnPtr_851) ( xlreal32 x_849 , xlreal32 y_850 ) ;
xlbool greaterthan_852 ( xlreal32 x_849 , xlreal32 y_850 ) ;
typedef xlbool (*FnPtr_855) ( xlreal32 x_853 , xlreal32 y_854 ) ;
xlbool greaterorequal_856 ( xlreal32 x_853 , xlreal32 y_854 ) ;
typedef xlbool (*FnPtr_859) ( xlreal32 x_857 , xlreal32 y_858 ) ;
xlbool different_860 ( xlreal32 x_857 , xlreal32 y_858 ) ;
typedef xlreal64 (*FnPtr_863) ( xlreal64 src_862 ) ;
xlreal64 copy_864 ( xlreal64 src_862 ) ;
typedef xlreal64 (*FnPtr_866) ( xlreal64 x_865 ) ;
xlreal64 negate_867 ( xlreal64 x_865 ) ;
typedef xlreal64 (*FnPtr_870) ( xlreal64 x_868 , xlreal64 y_869 ) ;
xlreal64 add_871 ( xlreal64 x_868 , xlreal64 y_869 ) ;
typedef xlreal64 (*FnPtr_874) ( xlreal64 x_872 , xlreal64 y_873 ) ;
xlreal64 subtract_875 ( xlreal64 x_872 , xlreal64 y_873 ) ;
typedef xlreal64 (*FnPtr_878) ( xlreal64 x_876 , xlreal64 y_877 ) ;
xlreal64 multiply_879 ( xlreal64 x_876 , xlreal64 y_877 ) ;
typedef xlreal64 (*FnPtr_882) ( xlreal64 x_880 , xlreal64 y_881 ) ;
xlreal64 divide_883 ( xlreal64 x_880 , xlreal64 y_881 ) ;
typedef xlreal64 (*FnPtr_886) ( xlreal64 x_884 , xlreal64 y_885 ) ;
xlreal64 modulo_887 ( xlreal64 x_884 , xlreal64 y_885 ) ;
typedef xlreal64 (*FnPtr_890) ( xlreal64 x_888 , xlreal64 y_889 ) ;
xlreal64 remainder_891 ( xlreal64 x_888 , xlreal64 y_889 ) ;
typedef xlreal64 (*FnPtr_894) ( xlreal64 x_892 , xluint y_893 ) ;
xlreal64 power_895 ( xlreal64 x_892 , xluint y_893 ) ;
typedef xlreal64 (*FnPtr_898) ( xlreal64 x_896 , xlint y_897 ) ;
xlreal64 power_899 ( xlreal64 x_896 , xlint y_897 ) ;
typedef xlreal64 (*FnPtr_902) ( xlreal64 x_900 , xlreal64 y_901 ) ;
xlreal64 power_903 ( xlreal64 x_900 , xlreal64 y_901 ) ;
typedef xlbool (*FnPtr_906) ( xlreal64 x_904 , xlreal64 y_905 ) ;
xlbool equal_907 ( xlreal64 x_904 , xlreal64 y_905 ) ;
typedef xlbool (*FnPtr_910) ( xlreal64 x_908 , xlreal64 y_909 ) ;
xlbool lessthan_911 ( xlreal64 x_908 , xlreal64 y_909 ) ;
typedef xlbool (*FnPtr_914) ( xlreal64 x_912 , xlreal64 y_913 ) ;
xlbool lessorequal_915 ( xlreal64 x_912 , xlreal64 y_913 ) ;
typedef xlbool (*FnPtr_918) ( xlreal64 x_916 , xlreal64 y_917 ) ;
xlbool greaterthan_919 ( xlreal64 x_916 , xlreal64 y_917 ) ;
typedef xlbool (*FnPtr_922) ( xlreal64 x_920 , xlreal64 y_921 ) ;
xlbool greaterorequal_923 ( xlreal64 x_920 , xlreal64 y_921 ) ;
typedef xlbool (*FnPtr_926) ( xlreal64 x_924 , xlreal64 y_925 ) ;
xlbool different_927 ( xlreal64 x_924 , xlreal64 y_925 ) ;
typedef xlbool (*FnPtr_930) ( xlbool src_929 ) ;
xlbool copy_931 ( xlbool src_929 ) ;
typedef xlbool (*FnPtr_933) ( xlbool x_932 ) ;
xlbool logicalnot_934 ( xlbool x_932 ) ;
typedef xlbool (*FnPtr_937) ( xlbool x_935 , xlbool y_936 ) ;
xlbool logicaland_938 ( xlbool x_935 , xlbool y_936 ) ;
typedef xlbool (*FnPtr_941) ( xlbool x_939 , xlbool y_940 ) ;
xlbool logicalor_942 ( xlbool x_939 , xlbool y_940 ) ;
typedef xlbool (*FnPtr_945) ( xlbool x_943 , xlbool y_944 ) ;
xlbool logicalxor_946 ( xlbool x_943 , xlbool y_944 ) ;
typedef struct Record_948 {
  xlmodule base_1;
} Record_948;
Record_948 xlbuiltins_949; /* Global */
xlreal k_950; /* Global */
xlreal l_951; /* Global */
xlreal o_952; /* Global */
xlint s_953; /* Global */
xlint t_954; /* Global */
xlint ret_955; /* Temp */
xlint ret_956; /* Temp */
namespace xl { namespace ui { namespace console {
std::vector< ::text > arguments;
}}}
void XLMain() {
xlint ret_955; /* Temp */
xlint ret_956; /* Temp */
k_950 = 1;
l_951 = 1;
o_952 = 1;
ret_955 = s_953 * 2;
ret_956 = ret_955 * 2;
t_954 = ret_956;
/* Main */
}
namespace xl { namespace translator {
void pluginsinit() {

}
}}
void XLInit() {

}
void XLTerm() {

}
char XLTrace[1] = { 0 };
void XLTraceInit(int Argc, char **Argv) {
int Arg; for (Arg = 1; Arg < Argc; Arg++) {
::text N = Argv[Arg];
}}
/*end*/
