#include <stdio.h>
typedef char                   xlint8;
typedef short                  xlint16;
typedef int                    xlint32;
typedef long long              xlint64;
typedef unsigned char          xluint8;
typedef unsigned short         xluint16;
typedef unsigned int           xluint32;
typedef unsigned long long     xluint64;
typedef float                  xlreal32;
typedef double                 xlreal64;
typedef int                    xlint;
typedef unsigned               xluint;
typedef double                 xlreal;
typedef char                   xlbool;
typedef char                   xlchar;
typedef const char *           xltext;
typedef void *                 xlptr;
typedef struct {} /* !ANSIC */ xlrecord, xlmodule;
typedef FILE *                 xlfile;
xlfile xl_getstdfile(int n) {
  switch(n) {
    case 0: return stdin;
    case 1: return stdout;
    case 2: return stderr;
  }
  return NULL;
}
typedef struct Record_954 {
  xlmodule baserecord_1; /* RecF */
} Record_954;
Record_954 xlbuiltins_955; /* Global */
xlint a_956; /* Global */
xlint b_957; /* Global */
xlint c_958; /* Global */
xlint x_959; /* Global */
xlint y_960; /* Global */
xlint z_961; /* Global */
int main(int _argc, char **_argv)
{
a_956 = 0;
b_957 = 26;
c_958 = 27;
x_959 = 1;
y_960 = 2;
z_961 = 3;
    /* Main */
    return 0;
}
/*end*/
