#include <stdio.h>
typedef char                   xlint8;
typedef short                  xlint16;
typedef int                    xlint32;
typedef long long              xlint64;
typedef unsigned char          xluint8;
typedef unsigned short         xluint16;
typedef unsigned int           xluint32;
typedef unsigned long long     xluint64;
typedef float                  xlreal32;
typedef double                 xlreal64;
typedef int                    xlint;
typedef unsigned               xluint;
typedef double                 xlreal;
typedef char                   xlbool;
typedef char                   xlchar;
typedef const char *           xltext;
typedef void *                 xlptr;
typedef struct {}              xlrecord, xlmodule;
typedef FILE *                 xlfile;
typedef struct Record_948 {
  xlmodule base_1;
} Record_948;
Record_948 xlbuiltins_949; /* Global */
xlint a_950; /* Global */
xlint b_951; /* Global */
xlint c_952; /* Global */
xlint x_953; /* Global */
xlint y_954; /* Global */
xlint z_955; /* Global */
int main(int _argc, char **_argv)
{
a_950 = 0;
b_951 = 26;
c_952 = 27;
x_953 = 1;
y_954 = 2;
z_955 = 3;
    /* Main */
    return 0;
}
/*end*/
