09.Modules/nested_import_nonmodule.xl:27: 'SIMPLE_IMPORTED' has no symbol table
| import SIMPLE_IMPORTED.NESTED1.NESTED2
|______________________^
./xl_builtins.xs:31: Its type is 
|     type integer                                                                                is XL.BYTECODE.xlint
|________________^
09.Modules/nested_import_nonmodule.xl:27: Did not find symbols in 'SIMPLE_IMPORTED'
| import SIMPLE_IMPORTED.NESTED1.NESTED2
|______________________^
./xl_builtins.xs:31: Its type is 'integer'
|     type integer                                                                                is XL.BYTECODE.xlint
|________________^
09.Modules/nested_import_nonmodule.xl:27: Imported file did not define 'SIMPLE_IMPORTED.NESTED1'
| import SIMPLE_IMPORTED.NESTED1.NESTED2
|_______________________^
09.Modules/nested_import_nonmodule.xl:27: No translation found for 'SIMPLE_IMPORTED.NESTED1'
| import SIMPLE_IMPORTED.NESTED1.NESTED2
|_______________________^
09.Modules/nested_import_nonmodule.xl:27: 'SIMPLE_IMPORTED.NESTED1' has no symbol table
| import SIMPLE_IMPORTED.NESTED1.NESTED2
|_______________________^
TESTS/09.Modules/simple_imported.nested1.nested2.xl:32: Its type is 
| 
|_^
09.Modules/nested_import_nonmodule.xl:27: No translation found for 'SIMPLE_IMPORTED.NESTED1'
| import SIMPLE_IMPORTED.NESTED1.NESTED2
|_______________________^
09.Modules/nested_import_nonmodule.xl:27: Did not find symbols in 'SIMPLE_IMPORTED.NESTED1'
| import SIMPLE_IMPORTED.NESTED1.NESTED2
|_______________________^
TESTS/09.Modules/simple_imported.nested1.nested2.xl:32: Its type is '?null?'
| 
|_^
09.Modules/nested_import_nonmodule.xl:27: No translation found for 'SIMPLE_IMPORTED.NESTED1'
| import SIMPLE_IMPORTED.NESTED1.NESTED2
|_______________________^
09.Modules/nested_import_nonmodule.xl:27: Imported file did not define 'SIMPLE_IMPORTED.NESTED1.NESTED2'
| import SIMPLE_IMPORTED.NESTED1.NESTED2
|_______________________________^
09.Modules/nested_import_nonmodule.xl:29: 'Klaxon_Enabled' is not a submodule name
| Klaxon_Enabled : boolean := Simple_imported.Nested_1.nested2.HasKlaxon(0.54)
|______________^
09.Modules/nested_import_nonmodule.xl:27: but is used as a submodule of 'SIMPLE_IMPORTED.NESTED1'
| import SIMPLE_IMPORTED.NESTED1.NESTED2
|_______________________^
[Compiler generated]: No translation found for 'invalid_submodule_969:=Simple_imported.Nested_1.nested2.HasKlaxon (0.54)'
