09.Modules/simple_imported.nested1.nested2.xl:27: No translation for 'module SIMPLE_IMPORTED . NESTED_1 . NESTED_2 is 
    function (HasKlaxon (volume : real) return boolean)
'
| module SIMPLE_IMPORTED.NESTED_1.NESTED_2 is
|______________________^
[Compiler generated] Candidate form 'functionname' 'functionargs' cannot be selected
library/runtime/default/./xl_builtins.xs:26: No translation for 'delete xlbuiltins_595'
| module XL_BUILTINS with
|__________________^
[Compiler generated] Candidate form 'functionname' 'functionargs' cannot be selected
