09.Modules/simple_imported.nested1.nested2.xl:27: No translation found for 'module SIMPLE_IMPORTED . NESTED_1 . NESTED_2 is 
    function (HasKlaxon (volume : real) return boolean)
'
| module SIMPLE_IMPORTED.NESTED_1.NESTED_2 is
|______________________^
./xl_builtins.xs:26: No translation found for 'delete xlbuiltins_433'
| module XL_BUILTINS with
|__________________^
