
(infix <CR>
 (infix <CR>
  (infix <CR>
   (infix <CR>
    (infix <CR>
     (infix <CR>
      (infix <CR>
       (infix <CR>
        (infix <CR>
         (infix <CR>
          (infix <CR>
           (infix <CR>
            (infix <CR>
             (infix <CR>
              (infix <CR>
               (infix <CR>
                (infix <CR>
                 (infix <CR>
                  (infix <CR>
                   (infix <CR>
                    (infix <CR>
                     (infix <CR>
                      (infix <CR>
                       (infix <CR>
                        (infix <CR>
                         (infix <CR>
                          (infix <CR>
                           (infix <CR>
                            (infix <CR>
                             (infix <CR>
                              (infix <CR>
                               (infix <CR>
                                (infix <CR>
                                 (infix <CR>
                                  (infix <CR>
                                   (infix <CR>
                                    (infix <CR>
                                     (infix <CR>
                                      (infix <CR>
                                       (infix <CR>
                                        (infix <CR>
                                         (infix <CR>
                                          (infix <CR>
                                           (infix <CR>
                                            (infix <CR>
                                             (infix <CR>
                                              (infix <CR>
                                               (infix <CR>
                                                (infix <CR>
                                                 (infix <CR>
                                                  (infix <CR>
                                                   (infix <CR>
                                                    (infix <CR>
                                                     (infix <CR>
                                                      (infix <CR>
                                                       (infix <CR>
                                                        (infix <CR>
                                                         (infix <CR>
                                                          (infix <CR>
                                                           0
                                                           1)
                                                          10)
                                                         100)
                                                        1000)
                                                       10000)
                                                      100000)
                                                     1000000)
                                                    (prefix
                                                     -
                                                     1))
                                                   (prefix
                                                    +
                                                    3))
                                                  1000)
                                                 100000)
                                                1000)
                                               100000)
                                              1000000)
                                             58)
                                            58)
                                           1073741823)
                                          67104768)
                                         67104768)
                                        58)
                                       58)
                                      1073741823)
                                     67104768)
                                    67104768)
                                   5)
                                  11)
                                 19)
                                29)
                               41)
                              55)
                             71)
                            89)
                           109)
                          131)
                         155)
                        181)
                       209)
                      239)
                     271)
                    305)
                   341)
                  379)
                 419)
                461)
               505)
              551)
             599)
            649)
           701)
          755)
         811)
        869)
       929)
      991)
     1055)
    1121)
   1189)
  1259)
 1331)


