
(infix <CR>
 0
 (infix <CR>
  1
  (infix <CR>
   10
   (infix <CR>
    100
    (infix <CR>
     1000
     (infix <CR>
      10000
      (infix <CR>
       100000
       (infix <CR>
        1000000
        (infix <CR>
         (prefix
          -
          1)
         (infix <CR>
          (prefix
           +
           3)
          (infix <CR>
           1000
           (infix <CR>
            100000
            (infix <CR>
             1000
             (infix <CR>
              100000
              (infix <CR>
               1000000
               (infix <CR>
                58
                (infix <CR>
                 58
                 (infix <CR>
                  1073741823
                  (infix <CR>
                   67104768
                   (infix <CR>
                    67104768
                    (infix <CR>
                     58
                     (infix <CR>
                      58
                      (infix <CR>
                       1073741823
                       (infix <CR>
                        67104768
                        (infix <CR>
                         67104768
                         (infix <CR>
                          5
                          (infix <CR>
                           11
                           (infix <CR>
                            19
                            (infix <CR>
                             29
                             (infix <CR>
                              41
                              (infix <CR>
                               55
                               (infix <CR>
                                71
                                (infix <CR>
                                 89
                                 (infix <CR>
                                  109
                                  (infix <CR>
                                   131
                                   (infix <CR>
                                    155
                                    (infix <CR>
                                     181
                                     (infix <CR>
                                      209
                                      (infix <CR>
                                       239
                                       (infix <CR>
                                        271
                                        (infix <CR>
                                         305
                                         (infix <CR>
                                          341
                                          (infix <CR>
                                           379
                                           (infix <CR>
                                            419
                                            (infix <CR>
                                             461
                                             (infix <CR>
                                              505
                                              (infix <CR>
                                               551
                                               (infix <CR>
                                                599
                                                (infix <CR>
                                                 649
                                                 (infix <CR>
                                                  701
                                                  (infix <CR>
                                                   755
                                                   (infix <CR>
                                                    811
                                                    (infix <CR>
                                                     869
                                                     (infix <CR>
                                                      929
                                                      (infix <CR>
                                                       991
                                                       (infix <CR>
                                                        1055
                                                        (infix <CR>
                                                         1121
                                                         (infix <CR>
                                                          1189
                                                          (infix <CR>
                                                           1259
                                                           1331)))))))))))))))))))))))))))))))))))))))))))))))))))))))))))


