01.Parser/real_errors.xl:36: Invalid use of '_' in number
| 1__3.0
|___^
01.Parser/real_errors.xl:42: Invalid base (should be 2..36)
| 1#0.0
|__^
01.Parser/real_errors.xl:43: Invalid base (should be 2..36)
| 37#A.0
|___^
01.Parser/real_errors.xl:47: Digit is invalid for the base
| 15#10F.FE
|______^

(infix <CR>
 (infix <CR>
  (infix <CR>
   (infix <CR>
    (infix <CR>
     (infix <CR>
      (infix <CR>
       (infix <CR>
        (infix <CR>
         (infix <CR>
          (infix <CR>
           1.23457e+18
           1e+25)
          inf)
         inf)
        (prefix
         (prefix
          1
          _)
         3))
       (prefix
        _.
        3))
      (prefix
       .
       3))
     (implicit ()
      (prefix
       3
       ._)))
    0)
   10)
  (infix .
   2
   3))
 255.992)


