08.Aggregates/bogus-pointer.xl:3: No file found for module 'MATH'
| import CX = MATH.COMPLEX
|________________^
08.Aggregates/bogus-pointer.xl:3: No file found for module 'MATH . COMPLEX'
| import CX = MATH.COMPLEX
|_________________^
08.Aggregates/bogus-pointer.xl:11: Expression 'pointer to complex [integer]' has no type
| PC : pointer to complex[integer]
|_______________^
08.Aggregates/bogus-pointer.xl:11: Expression 'pointer to complex [integer]' has no type
| PC : pointer to complex[integer]
|_______________^
08.Aggregates/bogus-pointer.xl:11: 'PC' has no type
| PC : pointer to complex[integer]
|__^
08.Aggregates/bogus-pointer.xl:13: No translation for 'PC := nil'
| PC := nil
|_____^
TESTS/library/xl.pointer.xs:34: Form ''Tgt' := nil' could not be selected
|     to Zero(out Tgt : pointer) written Tgt := nil                                       is XL.BYTECODE.zero_ptr
|_____________________________________________^
[Compiler generated] Candidate instance type '<undefined type>_614'
TESTS/library/xl.pointer.xs:29: is not an instance of 'pointer'
|     type pointer written pointer to item is XL.BYTECODE.pointer_type
|________________^
08.Aggregates/bogus-pointer.xl:15: No translation for 'PC . re := 0'
| PC.re := 0.0
|________^
library/runtime/default/./xl_builtins.xs:58: Form ''Tgt' := 'Src'' could not be selected
|     to Copy(out Tgt : integer; in Src : integer)                written Tgt := Src              is XL.BYTECODE.copy_int
|______________________________________________________________________________^
08.Aggregates/bogus-pointer.xl:15: Cannot convert '0' from 'constant real' to 'integer'
| PC.re := 0.0
|____________^
