Destructor for 0
Destructor for 0
I=1 and J=1
Destructor for 1
Destructor for 2
Destructor for 1
Destructor for 0
I=2 and J=1
Destructor for 1
I=2 and J=2
Destructor for 2
Destructor for 3
Destructor for 2
Destructor for 0
I=3 and J=1
Destructor for 1
I=3 and J=2
Destructor for 2
I=3 and J=3
Destructor for 3
Destructor for 4
Destructor for 3
Destructor for 0
I=4 and J=1
Destructor for 1
I=4 and J=2
Destructor for 2
I=4 and J=3
Destructor for 3
I=4 and J=4
Destructor for 4
Destructor for 5
Destructor for 4
Destructor for 0
I=5 and J=1
Destructor for 1
I=5 and J=2
Destructor for 2
I=5 and J=3
Destructor for 3
I=5 and J=4
Destructor for 4
I=5 and J=5
Destructor for 5
Destructor for 6
Destructor for 5
Destructor for 6
Entering For loop, It=3
Entering body, It=3
TeaForTwo I=3
Destructor for 0
End of body, It=3
Destructor for 3
Entering body, It=4
TeaForTwo I=4
Destructor for 3
End of body, It=4
Destructor for 4
Entering body, It=5
TeaForTwo I=5
Destructor for 7
End of body, It=5
Destructor for 5
Exited for loop, It=6 Sum=12
Bye Bye!
Destructor for 12
Destructor for 0
Destructor for 0
A=3 and B=7
Destructor for 7
A=3 and B=8
Destructor for 8
A=3 and B=9
Destructor for 9
Destructor for 3
Destructor for 10
A=4 and B=7
Destructor for 7
A=4 and B=8
Destructor for 8
A=4 and B=9
Destructor for 9
Destructor for 4
Destructor for 10
A=5 and B=7
Destructor for 7
A=5 and B=8
Destructor for 8
A=5 and B=9
Destructor for 9
Destructor for 5
Final A=6 and B=10
Destructor for 6
Destructor for 0
I=6 and J=9
Destructor for 9
I=6 and J=10
Destructor for 10
I=6 and J=11
Destructor for 11
I=6 and J=12
Destructor for 12
Destructor for 6
Destructor for 13
I=7 and J=9
Destructor for 9
I=7 and J=10
Destructor for 10
I=7 and J=11
Destructor for 11
I=7 and J=12
Destructor for 12
Destructor for 7
Destructor for 13
I=8 and J=9
Destructor for 9
I=8 and J=10
Destructor for 10
I=8 and J=11
Destructor for 11
I=8 and J=12
Destructor for 12
Destructor for 8
Destructor for 13
I=9 and J=9
Destructor for 9
I=9 and J=10
Destructor for 10
I=9 and J=11
Destructor for 11
I=9 and J=12
Destructor for 12
Destructor for 9
Destructor for 6
Destructor for 10
Destructor for 10
Destructor for 13
