I=1 and J=2
I=1 and J=3
I=1 and J=4
I=2 and J=2
I=2 and J=3
I=2 and J=4
I=3 and J=2
I=3 and J=3
I=3 and J=4
I=4 and J=2
I=4 and J=3
I=4 and J=4
I=5 and J=2
I=5 and J=3
I=5 and J=4
Entering For loop, It=30
TeaForTwo I=30
End of for loop, It=30
TeaForTwo I=31
End of for loop, It=31
TeaForTwo I=32
End of for loop, It=32
TeaForTwo I=33
End of for loop, It=33
TeaForTwo I=34
End of for loop, It=34
TeaForTwo I=35
End of for loop, It=35
TeaForTwo I=36
End of for loop, It=36
TeaForTwo I=37
End of for loop, It=37
TeaForTwo I=38
End of for loop, It=38
TeaForTwo I=39
End of for loop, It=39
TeaForTwo I=40
End of for loop, It=40
TeaForTwo I=41
End of for loop, It=41
TeaForTwo I=42
End of for loop, It=42
TeaForTwo I=43
End of for loop, It=43
TeaForTwo I=44
End of for loop, It=44
TeaForTwo I=45
End of for loop, It=45
TeaForTwo I=46
End of for loop, It=46
TeaForTwo I=47
End of for loop, It=47
TeaForTwo I=48
End of for loop, It=48
TeaForTwo I=49
End of for loop, It=49
TeaForTwo I=50
End of for loop, It=50
Exited for loop, It=51
Bye Bye!
BeeBopBelula I=51
BeeBopBelula I=53
BeeBopBelula I=55
BeeBopBelula I=57
BeeBopBelula I=59
BeeBopBelula I=61
BeeBopBelula I=63
BeeBopBelula I=65
BeeBopBelula I=67
BeeBopBelula I=69
