#include <stdio.h>
typedef char                   xlint8;
typedef short                  xlint16;
typedef int                    xlint32;
typedef long long              xlint64;
typedef unsigned char          xluint8;
typedef unsigned short         xluint16;
typedef unsigned int           xluint32;
typedef unsigned long long     xluint64;
typedef float                  xlreal32;
typedef double                 xlreal64;
typedef int                    xlint;
typedef unsigned               xluint;
typedef double                 xlreal;
typedef char                   xlbool;
typedef char                   xlchar;
typedef const char *           xltext;
typedef void *                 xlptr;
typedef struct {} /* !ANSIC */ xlrecord, xlmodule;
typedef FILE *                 xlfile;
xlfile xl_getstdfile(int n) {
  switch(n) {
    case 0: return stdin;
    case 1: return stdout;
    case 2: return stderr;
  }
  return NULL;
}
typedef struct Record_1245 {
  xlmodule baserecord_1; /* RecF */
} Record_1245;
Record_1245 xlbuiltins_1246; /* Global */
xlint i_1247; /* Global */
xlint ret_1249; /* Temp */
xlbool ret_1251; /* Temp */
xlbool ret_1253; /* Temp */
xlint ret_1254; /* Temp */
xlbool ret_1256; /* Temp */
xlint ret_1257; /* Temp */
xlbool ret_1259; /* Temp */
xlint ret_1260; /* Temp */
xlbool ret_1262; /* Temp */
xlint ret_1263; /* Temp */
xlbool ret_1265; /* Temp */
xlint ret_1266; /* Temp */
xlbool ret_1268; /* Temp */
xlint ret_1269; /* Temp */
int main(int _argc, char **_argv)
{
xlint ret_1249; /* Temp */
xlbool ret_1251; /* Temp */
xlbool ret_1253; /* Temp */
xlint ret_1254; /* Temp */
xlbool ret_1256; /* Temp */
xlint ret_1257; /* Temp */
xlbool ret_1259; /* Temp */
xlint ret_1260; /* Temp */
xlbool ret_1262; /* Temp */
xlint ret_1263; /* Temp */
xlbool ret_1265; /* Temp */
xlint ret_1266; /* Temp */
xlbool ret_1268; /* Temp */
xlint ret_1269; /* Temp */
i_1247 = 1;
loopentry_loop_1248: 0;
ret_1249 = i_1247 + 1;
i_1247 = ret_1249;
ret_1251 = i_1247 > 100;
if(!(ret_1251)) goto else_if_1250;
goto loopexit_loop_1248;
else_if_1250: 0;
goto loopentry_loop_1248;
loopexit_loop_1248: 0;
goto loopend_while_1252;
loopentry_while_1252: 0;
ret_1254 = i_1247 + 2;
i_1247 = ret_1254;
loopend_while_1252: 0;
ret_1253 = i_1247 < 200;
if (ret_1253) goto loopentry_while_1252;
loopexit_while_1252: 0;
goto loopend_while_1255;
loopentry_while_1255: 0;
ret_1257 = i_1247 + 3;
i_1247 = ret_1257;
loopend_while_1255: 0;
ret_1256 = i_1247 > 300;
if (!(ret_1256)) goto loopentry_while_1255;
loopexit_while_1255: 0;
loopentry_while_1258: 0;
ret_1260 = i_1247 + 4;
i_1247 = ret_1260;
loopend_while_1258: 0;
ret_1259 = i_1247 < 400;
if (ret_1259) goto loopentry_while_1258;
loopexit_while_1258: 0;
loopentry_while_1261: 0;
ret_1263 = i_1247 + 5;
i_1247 = ret_1263;
loopend_while_1261: 0;
ret_1262 = i_1247 > 500;
if (!(ret_1262)) goto loopentry_while_1261;
loopexit_while_1261: 0;
loopentry_while_1264: 0;
ret_1266 = i_1247 + 6;
i_1247 = ret_1266;
loopend_while_1264: 0;
ret_1265 = i_1247 < 600;
if (ret_1265) goto loopentry_while_1264;
loopexit_while_1264: 0;
loopentry_while_1267: 0;
ret_1269 = i_1247 + 7;
i_1247 = ret_1269;
loopend_while_1267: 0;
ret_1268 = i_1247 > 700;
if (!(ret_1268)) goto loopentry_while_1267;
loopexit_while_1267: 0;
    /* Main */
    return 0;
}
/*end*/
