#include <stdio.h>
typedef char                   xlint8;
typedef short                  xlint16;
typedef int                    xlint32;
typedef long long              xlint64;
typedef unsigned char          xluint8;
typedef unsigned short         xluint16;
typedef unsigned int           xluint32;
typedef unsigned long long     xluint64;
typedef float                  xlreal32;
typedef double                 xlreal64;
typedef int                    xlint;
typedef unsigned               xluint;
typedef double                 xlreal;
typedef char                   xlbool;
typedef char                   xlchar;
typedef const char *           xltext;
typedef void *                 xlptr;
typedef struct {} /* !ANSIC */ xlrecord, xlmodule;
typedef FILE *                 xlfile;
xlfile xl_getstdfile(int n) {
  switch(n) {
    case 0: return stdin;
    case 1: return stdout;
    case 2: return stderr;
  }
  return NULL;
}
typedef struct Record_954 {
  xlmodule baserecord_1; /* RecF */
} Record_954;
Record_954 xlbuiltins_955; /* Global */
xlint i_956; /* Global */
xlint ret_958; /* Temp */
xlbool ret_960; /* Temp */
xlbool ret_962; /* Temp */
xlint ret_963; /* Temp */
xlbool ret_965; /* Temp */
xlint ret_966; /* Temp */
xlbool ret_968; /* Temp */
xlint ret_969; /* Temp */
xlbool ret_971; /* Temp */
xlint ret_972; /* Temp */
xlbool ret_974; /* Temp */
xlint ret_975; /* Temp */
xlbool ret_977; /* Temp */
xlint ret_978; /* Temp */
int main(int _argc, char **_argv)
{
xlint ret_958; /* Temp */
xlbool ret_960; /* Temp */
xlbool ret_962; /* Temp */
xlint ret_963; /* Temp */
xlbool ret_965; /* Temp */
xlint ret_966; /* Temp */
xlbool ret_968; /* Temp */
xlint ret_969; /* Temp */
xlbool ret_971; /* Temp */
xlint ret_972; /* Temp */
xlbool ret_974; /* Temp */
xlint ret_975; /* Temp */
xlbool ret_977; /* Temp */
xlint ret_978; /* Temp */
i_956 = 1;
loopentry_loop_957: 0;
ret_958 = i_956 + 1;
i_956 = ret_958;
ret_960 = i_956 > 100;
if(!(ret_960)) goto else_if_959;
goto loopexit_loop_957;
else_if_959: 0;
goto loopentry_loop_957;
loopexit_loop_957: 0;
goto loopend_while_961;
loopentry_while_961: 0;
ret_963 = i_956 + 2;
i_956 = ret_963;
loopend_while_961: 0;
ret_962 = i_956 < 200;
if (ret_962) goto loopentry_while_961;
loopexit_while_961: 0;
goto loopend_while_964;
loopentry_while_964: 0;
ret_966 = i_956 + 3;
i_956 = ret_966;
loopend_while_964: 0;
ret_965 = i_956 > 300;
if (!(ret_965)) goto loopentry_while_964;
loopexit_while_964: 0;
loopentry_while_967: 0;
ret_969 = i_956 + 4;
i_956 = ret_969;
loopend_while_967: 0;
ret_968 = i_956 < 400;
if (ret_968) goto loopentry_while_967;
loopexit_while_967: 0;
loopentry_while_970: 0;
ret_972 = i_956 + 5;
i_956 = ret_972;
loopend_while_970: 0;
ret_971 = i_956 > 500;
if (!(ret_971)) goto loopentry_while_970;
loopexit_while_970: 0;
loopentry_while_973: 0;
ret_975 = i_956 + 6;
i_956 = ret_975;
loopend_while_973: 0;
ret_974 = i_956 < 600;
if (ret_974) goto loopentry_while_973;
loopexit_while_973: 0;
loopentry_while_976: 0;
ret_978 = i_956 + 7;
i_956 = ret_978;
loopend_while_976: 0;
ret_977 = i_956 > 700;
if (!(ret_977)) goto loopentry_while_976;
loopexit_while_976: 0;
    /* Main */
    return 0;
}
/*end*/
