Infinite I=1
Infinite I=2
Infinite I=3
Infinite I=4
Infinite I=5
Infinite I=6
Infinite I=7
Infinite I=8
Infinite I=9
Infinite I=10
Infinite I=11
Infinite I=12
Infinite I=13
Infinite I=14
Infinite I=15
Infinite I=16
Infinite I=17
Infinite I=18
Infinite I=19
Infinite I=20
Infinite I=21
Infinite I=22
Infinite I=23
Infinite I=24
Infinite I=25
Infinite I=26
Infinite I=27
Infinite I=28
Infinite I=29
Infinite I=30
Infinite I=31
Infinite I=32
Infinite I=33
Infinite I=34
Infinite I=35
Infinite I=36
Infinite I=37
Infinite I=38
Infinite I=39
Infinite I=40
Infinite I=41
Infinite I=42
Infinite I=43
Infinite I=44
Infinite I=45
Infinite I=46
Infinite I=47
Infinite I=48
Infinite I=49
Infinite I=51
Infinite I=53
Infinite I=55
Infinite I=57
Infinite I=59
Infinite I=61
Infinite I=63
Infinite I=65
Infinite I=67
Infinite I=69
Infinite I=71
Infinite I=73
Infinite I=75
Infinite I=77
Infinite I=79
Infinite I=81
Infinite I=83
Infinite I=85
Infinite I=87
Infinite I=89
Infinite I=91
Infinite I=93
Infinite I=95
Infinite I=97
Infinite I=99
Pre-while I=101
Pre-while I=104
Pre-while I=107
Pre-while I=110
Pre-while I=113
Pre-while I=116
Pre-while I=119
Pre-while I=122
Pre-while I=125
Pre-while I=127
Pre-while I=129
Pre-while I=131
Pre-while I=133
Pre-while I=135
Pre-while I=137
Pre-while I=139
Pre-while I=141
Pre-while I=143
Pre-while I=145
Pre-while I=147
Pre-while I=149
Pre-while I=151
Pre-while I=153
Pre-while I=155
Pre-while I=157
Pre-while I=159
Pre-while I=161
Pre-while I=163
Pre-while I=165
Pre-while I=167
Pre-while I=169
Pre-while I=171
Pre-while I=173
Pre-while I=175
Pre-while I=177
Pre-while I=179
Pre-while I=181
Pre-while I=183
Pre-while I=185
Pre-while I=187
Pre-while I=189
Pre-while I=191
Pre-while I=193
Pre-while I=195
Pre-while I=197
Pre-while I=199
Pre-until I=201
Pre-until I=205
Pre-until I=209
Pre-until I=213
Pre-until I=217
Pre-until I=221
Pre-until I=225
Pre-until I=229
Pre-until I=233
Pre-until I=237
Pre-until I=241
Pre-until I=245
Pre-until I=249
Pre-until I=253
Pre-until I=257
Pre-until I=261
Pre-until I=265
Pre-until I=269
Pre-until I=273
Pre-until I=277
Pre-until I=281
Pre-until I=285
Pre-until I=289
Pre-until I=293
Pre-until I=297
Post-while I=301
Post-while I=307
Post-while I=313
Post-while I=319
Post-while I=325
Post-while I=331
Post-while I=337
Post-while I=343
Post-while I=349
Post-while I=355
Post-while I=361
Post-while I=367
Post-while I=373
Post-while I=379
Post-while I=385
Post-while I=391
Post-while I=397
Post-while I=403
Post-while I=409
Post-while I=415
Post-while I=421
Post-while I=427
Post-while I=433
Post-while I=439
Post-while I=445
Post-while I=451
Post-while I=457
Post-while I=463
Post-while I=469
Post-while I=475
Post-while I=481
Post-while I=487
Post-while I=493
Post-while I=499
Post-while I=505
Post-while I=511
Post-while I=517
Post-while I=523
Post-while I=529
Post-while I=535
Post-while I=541
Post-while I=547
Post-while I=553
Post-while I=559
Post-while I=565
Post-while I=571
Post-while I=577
Post-while I=583
Post-while I=589
Post-while I=595
Post-while I=601
Post-while I=607
Post-while I=613
Post-while I=619
Post-while I=625
Post-while I=631
Post-while I=637
Post-while I=643
Post-while I=649
Post-until I=656
Post-until I=663
Post-until I=670
Post-until I=677
Post-until I=684
Post-until I=691
Post-until I=698
Post-until I=705
Post-until I=712
Post-until I=719
Post-until I=726
Post-until I=733
Post-until I=740
Post-until I=747
Final I=755
