10.Generics/value_type_constructor_crash.xl:8: No parameter named 'value'
| function test (n : test.value) return test is
|_____________________________^
10.Generics/value_type_constructor_crash.xl:8: in generic type 'test'
| function test (n : test.value) return test is
|_______________________^
10.Generics/value_type_constructor_crash.xl:8: Expression 'test . value' has no type
| function test (n : test.value) return test is
|________________________^
10.Generics/value_type_constructor_crash.xl:8: No parameter named 'value'
| function test (n : test.value) return test is
|_____________________________^
10.Generics/value_type_constructor_crash.xl:8: in generic type 'test'
| function test (n : test.value) return test is
|_______________________^
10.Generics/value_type_constructor_crash.xl:8: Expression 'test . value' has no type
| function test (n : test.value) return test is
|________________________^
10.Generics/value_type_constructor_crash.xl:8: 'n' has no type
| function test (n : test.value) return test is
|________________^
10.Generics/value_type_constructor_crash.xl:12: No valid function found for 'test'
| K : test(3)
|________^
10.Generics/value_type_constructor_crash.xl:8: 'test (n : test . value) return test' could not be selected because
| function test (n : test.value) return test is
|_____________________________________^
10.Generics/value_type_constructor_crash.xl:12: the type 'constant integer' of '3' doesn't match '<undefined type>_617'
| K : test(3)
|__________^
10.Generics/value_type_constructor_crash.xl:8: for parameter 'n'
| function test (n : test.value) return test is
|________________^
10.Generics/value_type_constructor_crash.xl:4: 'test ( ) return test' could not be selected because
| generic [type item] type test is record with
|_____________________________^
10.Generics/value_type_constructor_crash.xl:12: there are too many arguments for 'test'
| K : test(3)
|________^
10.Generics/value_type_constructor_crash.xl:5: 'test (a : item 
b : item) return test' could not be selected because
|   a : item
|___^
10.Generics/value_type_constructor_crash.xl:6: there is no value for 'b'
|   b : item
|___^
10.Generics/value_type_constructor_crash.xl:12: No valid function found for 'test'
| K : test(3)
|________^
10.Generics/value_type_constructor_crash.xl:12: No type for 'variable'
| K : test(3)
|_^
10.Generics/value_type_constructor_crash.xl:12: can be deduced from 'test (3)'
| K : test(3)
|________^
10.Generics/value_type_constructor_crash.xl:12: The type 'variable' is unknown
| K : test(3)
|_^
10.Generics/value_type_constructor_crash.xl:12: The type 'variable' is unknown
| K : test(3)
|_^
10.Generics/value_type_constructor_crash.xl:12: 'K' has no type
| K : test(3)
|_^
10.Generics/value_type_constructor_crash.xl:13: No valid function found for 'test'
| L : test(3.5)
|________^
10.Generics/value_type_constructor_crash.xl:8: 'test (n : test . value) return test' could not be selected because
| function test (n : test.value) return test is
|_____________________________________^
10.Generics/value_type_constructor_crash.xl:13: the type 'constant real' of '3.5' doesn't match '<undefined type>_617'
| L : test(3.5)
|____________^
10.Generics/value_type_constructor_crash.xl:8: for parameter 'n'
| function test (n : test.value) return test is
|________________^
10.Generics/value_type_constructor_crash.xl:4: 'test ( ) return test' could not be selected because
| generic [type item] type test is record with
|_____________________________^
10.Generics/value_type_constructor_crash.xl:13: there are too many arguments for 'test'
| L : test(3.5)
|________^
10.Generics/value_type_constructor_crash.xl:5: 'test (a : item 
b : item) return test' could not be selected because
|   a : item
|___^
10.Generics/value_type_constructor_crash.xl:6: there is no value for 'b'
|   b : item
|___^
10.Generics/value_type_constructor_crash.xl:13: No valid function found for 'test'
| L : test(3.5)
|________^
10.Generics/value_type_constructor_crash.xl:13: No type for 'variable'
| L : test(3.5)
|_^
10.Generics/value_type_constructor_crash.xl:13: can be deduced from 'test (3.5)'
| L : test(3.5)
|________^
10.Generics/value_type_constructor_crash.xl:13: The type 'variable' is unknown
| L : test(3.5)
|_^
10.Generics/value_type_constructor_crash.xl:13: The type 'variable' is unknown
| L : test(3.5)
|_^
10.Generics/value_type_constructor_crash.xl:13: 'L' has no type
| L : test(3.5)
|_^
10.Generics/value_type_constructor_crash.xl:19: 'tart' is not a type name
| M : tart(3)
|________^
10.Generics/value_type_constructor_crash.xl:19: Error instantiating 'tart'
| M : tart(3)
|________^
10.Generics/value_type_constructor_crash.xl:17: No translation for 'result . b := test . value (4)'
|    result.b := test.value(4)
|______________^
library/runtime/default/./xl_builtins.xs:58: Form ''Tgt' := 'Src'' could not be selected
|     to Copy(out Tgt : integer; in Src : integer)                written Tgt := Src              is XL.BYTECODE.copy_int
|______________________________________________________________________________^
10.Generics/value_type_constructor_crash.xl:17: Parameter 'value' not found in 'test [integer]'
|    result.b := test.value(4)
|_________________________^
10.Generics/value_type_constructor_crash.xl:17: No parameter named 'value'
|    result.b := test.value(4)
|_________________________^
10.Generics/value_type_constructor_crash.xl:17: in generic type 'test'
|    result.b := test.value(4)
|___________________^
10.Generics/value_type_constructor_crash.xl:17: No translation for 'test . value (4)'
|    result.b := test.value(4)
|__________________________^
[Compiler generated] Form ''functionname' 'functionargs'' could not be selected
10.Generics/value_type_constructor_crash.xl:19: Error instantiating 'tart'
| M : tart(3)
|________^
10.Generics/value_type_constructor_crash.xl:19: No type for 'variable'
| M : tart(3)
|_^
10.Generics/value_type_constructor_crash.xl:19: can be deduced from 'tart (3)'
| M : tart(3)
|________^
10.Generics/value_type_constructor_crash.xl:19: The type 'variable' is unknown
| M : tart(3)
|_^
10.Generics/value_type_constructor_crash.xl:19: The type 'variable' is unknown
| M : tart(3)
|_^
10.Generics/value_type_constructor_crash.xl:19: 'M' has no type
| M : tart(3)
|_^
10.Generics/value_type_constructor_crash.xl:12: No translation for 'K := test (3)'
| K : test(3)
|________^
library/runtime/default/./xl_builtins.xs:58: Form ''Tgt' := 'Src'' could not be selected
|     to Copy(out Tgt : integer; in Src : integer)                written Tgt := Src              is XL.BYTECODE.copy_int
|______________________________________________________________________________^
10.Generics/value_type_constructor_crash.xl:12: No valid function found for 'test'
| K : test(3)
|________^
10.Generics/value_type_constructor_crash.xl:8: 'test (n : test . value) return test' could not be selected because
| function test (n : test.value) return test is
|_____________________________________^
10.Generics/value_type_constructor_crash.xl:12: the type 'constant integer' of '3' doesn't match '<undefined type>_617'
| K : test(3)
|__________^
10.Generics/value_type_constructor_crash.xl:8: for parameter 'n'
| function test (n : test.value) return test is
|________________^
10.Generics/value_type_constructor_crash.xl:4: 'test ( ) return test' could not be selected because
| generic [type item] type test is record with
|_____________________________^
10.Generics/value_type_constructor_crash.xl:12: there are too many arguments for 'test'
| K : test(3)
|________^
10.Generics/value_type_constructor_crash.xl:5: 'test (a : item 
b : item) return test' could not be selected because
|   a : item
|___^
10.Generics/value_type_constructor_crash.xl:6: there is no value for 'b'
|   b : item
|___^
10.Generics/value_type_constructor_crash.xl:13: No translation for 'L := test (3.5)'
| L : test(3.5)
|________^
library/runtime/default/./xl_builtins.xs:58: Form ''Tgt' := 'Src'' could not be selected
|     to Copy(out Tgt : integer; in Src : integer)                written Tgt := Src              is XL.BYTECODE.copy_int
|______________________________________________________________________________^
10.Generics/value_type_constructor_crash.xl:13: No valid function found for 'test'
| L : test(3.5)
|________^
10.Generics/value_type_constructor_crash.xl:8: 'test (n : test . value) return test' could not be selected because
| function test (n : test.value) return test is
|_____________________________________^
10.Generics/value_type_constructor_crash.xl:13: the type 'constant real' of '3.5' doesn't match '<undefined type>_617'
| L : test(3.5)
|____________^
10.Generics/value_type_constructor_crash.xl:8: for parameter 'n'
| function test (n : test.value) return test is
|________________^
10.Generics/value_type_constructor_crash.xl:4: 'test ( ) return test' could not be selected because
| generic [type item] type test is record with
|_____________________________^
10.Generics/value_type_constructor_crash.xl:13: there are too many arguments for 'test'
| L : test(3.5)
|________^
10.Generics/value_type_constructor_crash.xl:5: 'test (a : item 
b : item) return test' could not be selected because
|   a : item
|___^
10.Generics/value_type_constructor_crash.xl:6: there is no value for 'b'
|   b : item
|___^
10.Generics/value_type_constructor_crash.xl:19: No translation for 'M := tart (3)'
| M : tart(3)
|________^
library/runtime/default/./xl_builtins.xs:58: Form ''Tgt' := 'Src'' could not be selected
|     to Copy(out Tgt : integer; in Src : integer)                written Tgt := Src              is XL.BYTECODE.copy_int
|______________________________________________________________________________^
10.Generics/value_type_constructor_crash.xl:19: Error instantiating 'tart'
| M : tart(3)
|________^
10.Generics/value_type_constructor_crash.xl:17: No translation for 'result . b := test . value (4)'
|    result.b := test.value(4)
|______________^
library/runtime/default/./xl_builtins.xs:58: Form ''Tgt' := 'Src'' could not be selected
|     to Copy(out Tgt : integer; in Src : integer)                written Tgt := Src              is XL.BYTECODE.copy_int
|______________________________________________________________________________^
10.Generics/value_type_constructor_crash.xl:17: Parameter 'value' not found in 'test [integer]'
|    result.b := test.value(4)
|_________________________^
10.Generics/value_type_constructor_crash.xl:17: No parameter named 'value'
|    result.b := test.value(4)
|_________________________^
10.Generics/value_type_constructor_crash.xl:17: in generic type 'test'
|    result.b := test.value(4)
|___________________^
10.Generics/value_type_constructor_crash.xl:17: No translation for 'test . value (4)'
|    result.b := test.value(4)
|__________________________^
[Compiler generated] Form ''functionname' 'functionargs'' could not be selected
