@ fnptrbegin 
(@ fnret1 xlint 
@ fnptrname FnPtr_4 
@ fnbeginparms 
@ fnparm xlint src_3 
@ fnendparms) 
@ fnptrend 
(@ fndeclbegin 
(@ fnret1 xlint 
@ fnname copy_5 
@ fnbeginparms 
@ fnparm xlint src_3 
@ fnendparms) 
@ fndeclend) 
(@ fnptrbegin 
(@ fnret1 xlint 
@ fnptrname FnPtr_8 
@ fnbeginparms 
@ fnparm xlint x_6 
@ fnparm xlint y_7 
@ fnendparms) 
@ fnptrend) 
(@ fndeclbegin 
(@ fnret1 xlint 
@ fnname add_9 
@ fnbeginparms 
@ fnparm xlint x_6 
@ fnparm xlint y_7 
@ fnendparms) 
@ fndeclend) 
(@ fnptrbegin 
(@ fnret1 xlint 
@ fnptrname FnPtr_12 
@ fnbeginparms 
@ fnparm xlint x_10 
@ fnparm xlint y_11 
@ fnendparms) 
@ fnptrend) 
(@ fndeclbegin 
(@ fnret1 xlint 
@ fnname sub_13 
@ fnbeginparms 
@ fnparm xlint x_10 
@ fnparm xlint y_11 
@ fnendparms) 
@ fndeclend) 
(@ fnptrbegin 
(@ fnret1 xlint 
@ fnptrname FnPtr_16 
@ fnbeginparms 
@ fnparm xlint x_14 
@ fnparm xlint y_15 
@ fnendparms) 
@ fnptrend) 
(@ fndeclbegin 
(@ fnret1 xlint 
@ fnname mul_17 
@ fnbeginparms 
@ fnparm xlint x_14 
@ fnparm xlint y_15 
@ fnendparms) 
@ fndeclend) 
(@ fnptrbegin 
(@ fnret1 xlint 
@ fnptrname FnPtr_20 
@ fnbeginparms 
@ fnparm xlint x_18 
@ fnparm xlint y_19 
@ fnendparms) 
@ fnptrend) 
(@ fndeclbegin 
(@ fnret1 xlint 
@ fnname div_21 
@ fnbeginparms 
@ fnparm xlint x_18 
@ fnparm xlint y_19 
@ fnendparms) 
@ fndeclend) 
(@ fnptrbegin 
(@ fnret1 xlbool 
@ fnptrname FnPtr_24 
@ fnbeginparms 
@ fnparm xlint x_22 
@ fnparm xlint y_23 
@ fnendparms) 
@ fnptrend) 
(@ fndeclbegin 
(@ fnret1 xlbool 
@ fnname cmpeq_25 
@ fnbeginparms 
@ fnparm xlint x_22 
@ fnparm xlint y_23 
@ fnendparms) 
@ fndeclend) 
(@ fnptrbegin 
(@ fnret1 xlbool 
@ fnptrname FnPtr_28 
@ fnbeginparms 
@ fnparm xlint x_26 
@ fnparm xlint y_27 
@ fnendparms) 
@ fnptrend) 
(@ fndeclbegin 
(@ fnret1 xlbool 
@ fnname cmplt_29 
@ fnbeginparms 
@ fnparm xlint x_26 
@ fnparm xlint y_27 
@ fnendparms) 
@ fndeclend) 
(@ fnptrbegin 
(@ fnret1 xlbool 
@ fnptrname FnPtr_32 
@ fnbeginparms 
@ fnparm xlint x_30 
@ fnparm xlint y_31 
@ fnendparms) 
@ fnptrend) 
(@ fndeclbegin 
(@ fnret1 xlbool 
@ fnname cmple_33 
@ fnbeginparms 
@ fnparm xlint x_30 
@ fnparm xlint y_31 
@ fnendparms) 
@ fndeclend) 
(@ fnptrbegin 
(@ fnret1 xlbool 
@ fnptrname FnPtr_36 
@ fnbeginparms 
@ fnparm xlint x_34 
@ fnparm xlint y_35 
@ fnendparms) 
@ fnptrend) 
(@ fndeclbegin 
(@ fnret1 xlbool 
@ fnname cmpgt_37 
@ fnbeginparms 
@ fnparm xlint x_34 
@ fnparm xlint y_35 
@ fnendparms) 
@ fndeclend) 
(@ fnptrbegin 
(@ fnret1 xlbool 
@ fnptrname FnPtr_40 
@ fnbeginparms 
@ fnparm xlint x_38 
@ fnparm xlint y_39 
@ fnendparms) 
@ fnptrend) 
(@ fndeclbegin 
(@ fnret1 xlbool 
@ fnname cmpge_41 
@ fnbeginparms 
@ fnparm xlint x_38 
@ fnparm xlint y_39 
@ fnendparms) 
@ fndeclend) 
(@ fnptrbegin 
(@ fnret1 xlbool 
@ fnptrname FnPtr_44 
@ fnbeginparms 
@ fnparm xlint x_42 
@ fnparm xlint y_43 
@ fnendparms) 
@ fnptrend) 
(@ fndeclbegin 
(@ fnret1 xlbool 
@ fnname cmpne_45 
@ fnbeginparms 
@ fnparm xlint x_42 
@ fnparm xlint y_43 
@ fnendparms) 
@ fndeclend) 
(@ fnptrbegin 
(@ fnret1 xlreal 
@ fnptrname FnPtr_48 
@ fnbeginparms 
@ fnparm xlreal src_47 
@ fnendparms) 
@ fnptrend) 
(@ fndeclbegin 
(@ fnret1 xlreal 
@ fnname copy_49 
@ fnbeginparms 
@ fnparm xlreal src_47 
@ fnendparms) 
@ fndeclend) 
(@ fnptrbegin 
(@ fnret1 xlreal 
@ fnptrname FnPtr_52 
@ fnbeginparms 
@ fnparm xlreal x_50 
@ fnparm xlreal y_51 
@ fnendparms) 
@ fnptrend) 
(@ fndeclbegin 
(@ fnret1 xlreal 
@ fnname add_53 
@ fnbeginparms 
@ fnparm xlreal x_50 
@ fnparm xlreal y_51 
@ fnendparms) 
@ fndeclend) 
(@ fnptrbegin 
(@ fnret1 xlreal 
@ fnptrname FnPtr_56 
@ fnbeginparms 
@ fnparm xlreal x_54 
@ fnparm xlreal y_55 
@ fnendparms) 
@ fnptrend) 
(@ fndeclbegin 
(@ fnret1 xlreal 
@ fnname sub_57 
@ fnbeginparms 
@ fnparm xlreal x_54 
@ fnparm xlreal y_55 
@ fnendparms) 
@ fndeclend) 
(@ fnptrbegin 
(@ fnret1 xlreal 
@ fnptrname FnPtr_60 
@ fnbeginparms 
@ fnparm xlreal x_58 
@ fnparm xlreal y_59 
@ fnendparms) 
@ fnptrend) 
(@ fndeclbegin 
(@ fnret1 xlreal 
@ fnname mul_61 
@ fnbeginparms 
@ fnparm xlreal x_58 
@ fnparm xlreal y_59 
@ fnendparms) 
@ fndeclend) 
(@ fnptrbegin 
(@ fnret1 xlreal 
@ fnptrname FnPtr_64 
@ fnbeginparms 
@ fnparm xlreal x_62 
@ fnparm xlreal y_63 
@ fnendparms) 
@ fnptrend) 
(@ fndeclbegin 
(@ fnret1 xlreal 
@ fnname div_65 
@ fnbeginparms 
@ fnparm xlreal x_62 
@ fnparm xlreal y_63 
@ fnendparms) 
@ fndeclend) 
(@ fnptrbegin 
(@ fnret1 xlbool 
@ fnptrname FnPtr_68 
@ fnbeginparms 
@ fnparm xlreal x_66 
@ fnparm xlreal y_67 
@ fnendparms) 
@ fnptrend) 
(@ fndeclbegin 
(@ fnret1 xlbool 
@ fnname cmpeq_69 
@ fnbeginparms 
@ fnparm xlreal x_66 
@ fnparm xlreal y_67 
@ fnendparms) 
@ fndeclend) 
(@ fnptrbegin 
(@ fnret1 xlbool 
@ fnptrname FnPtr_72 
@ fnbeginparms 
@ fnparm xlreal x_70 
@ fnparm xlreal y_71 
@ fnendparms) 
@ fnptrend) 
(@ fndeclbegin 
(@ fnret1 xlbool 
@ fnname cmplt_73 
@ fnbeginparms 
@ fnparm xlreal x_70 
@ fnparm xlreal y_71 
@ fnendparms) 
@ fndeclend) 
(@ fnptrbegin 
(@ fnret1 xlbool 
@ fnptrname FnPtr_76 
@ fnbeginparms 
@ fnparm xlreal x_74 
@ fnparm xlreal y_75 
@ fnendparms) 
@ fnptrend) 
(@ fndeclbegin 
(@ fnret1 xlbool 
@ fnname cmple_77 
@ fnbeginparms 
@ fnparm xlreal x_74 
@ fnparm xlreal y_75 
@ fnendparms) 
@ fndeclend) 
(@ fnptrbegin 
(@ fnret1 xlbool 
@ fnptrname FnPtr_80 
@ fnbeginparms 
@ fnparm xlreal x_78 
@ fnparm xlreal y_79 
@ fnendparms) 
@ fnptrend) 
(@ fndeclbegin 
(@ fnret1 xlbool 
@ fnname cmpgt_81 
@ fnbeginparms 
@ fnparm xlreal x_78 
@ fnparm xlreal y_79 
@ fnendparms) 
@ fndeclend) 
(@ fnptrbegin 
(@ fnret1 xlbool 
@ fnptrname FnPtr_84 
@ fnbeginparms 
@ fnparm xlreal x_82 
@ fnparm xlreal y_83 
@ fnendparms) 
@ fnptrend) 
(@ fndeclbegin 
(@ fnret1 xlbool 
@ fnname cmpge_85 
@ fnbeginparms 
@ fnparm xlreal x_82 
@ fnparm xlreal y_83 
@ fnendparms) 
@ fndeclend) 
(@ fnptrbegin 
(@ fnret1 xlbool 
@ fnptrname FnPtr_88 
@ fnbeginparms 
@ fnparm xlreal x_86 
@ fnparm xlreal y_87 
@ fnendparms) 
@ fnptrend) 
(@ fndeclbegin 
(@ fnret1 xlbool 
@ fnname cmpne_89 
@ fnbeginparms 
@ fnparm xlreal x_86 
@ fnparm xlreal y_87 
@ fnendparms) 
@ fndeclend) 
(@ fnptrbegin 
(@ fnret1 xlbool 
@ fnptrname FnPtr_91 
@ fnbeginparms 
@ fnparm xlbool value_90 
@ fnendparms) 
@ fnptrend) 
(@ fndeclbegin 
(@ fnret1 xlbool 
@ fnname booleannot_92 
@ fnbeginparms 
@ fnparm xlbool value_90 
@ fnendparms) 
@ fndeclend) 
(@ fnptrbegin 
(@ fnret1 xlbool 
@ fnptrname FnPtr_95 
@ fnbeginparms 
@ fnparm xlbool x_93 
@ fnparm xlbool y_94 
@ fnendparms) 
@ fnptrend) 
(@ fndeclbegin 
(@ fnret1 xlbool 
@ fnname booleanand_96 
@ fnbeginparms 
@ fnparm xlbool x_93 
@ fnparm xlbool y_94 
@ fnendparms) 
@ fndeclend) 
(@ fnptrbegin 
(@ fnret1 xlbool 
@ fnptrname FnPtr_99 
@ fnbeginparms 
@ fnparm xlbool x_97 
@ fnparm xlbool y_98 
@ fnendparms) 
@ fnptrend) 
(@ fndeclbegin 
(@ fnret1 xlbool 
@ fnname booleanor_100 
@ fnbeginparms 
@ fnparm xlbool x_97 
@ fnparm xlbool y_98 
@ fnendparms) 
@ fndeclend) 
(@ fnptrbegin 
(@ fnret1 xlbool 
@ fnptrname FnPtr_103 
@ fnbeginparms 
@ fnparm xlbool x_101 
@ fnparm xlbool y_102 
@ fnendparms) 
@ fnptrend) 
(@ fndeclbegin 
(@ fnret1 xlbool 
@ fnname booleanxor_104 
@ fnbeginparms 
@ fnparm xlbool x_101 
@ fnparm xlbool y_102 
@ fnendparms) 
@ fndeclend) 
(@ recordbegin Record_106 
@ recordfield Record_106 xlmodule base_1 
@ recordend Record_106) 
@ globaldecl Record_106 xlbuiltins_107 
(@ fnptrbegin 
(@ fnret1 xlreal 
@ fnptrname FnPtr_109 
@ fnbeginparms 
@ fnparm xlreal x_108 
@ fnendparms) 
@ fnptrend 
(@ fndeclbegin 
(@ fnret1 xlreal 
@ fnname sin_110 
@ fnbeginparms 
@ fnparm xlreal x_108 
@ fnendparms) 
@ fndeclend) 
(@ fnptrbegin 
(@ fnret0 
@ fnptrname FnPtr_113 
@ fnbeginparms 
@ fnparm xlreal target_111 
@ fnparm xlreal source_112 
@ fnendparms) 
@ fnptrend) 
(@ fndeclbegin 
(@ fnret0 
@ fnname copy_114 
@ fnbeginparms 
@ fnparm xlreal target_111 
@ fnparm xlreal source_112 
@ fnendparms) 
@ fndeclend) 
(@ fnptrbegin 
(@ fnret0 
@ fnptrname FnPtr_115 
@ fnbeginparms 
@ fnendparms) 
@ fnptrend) 
(@ fndeclbegin 
(@ fnret0 
@ fnname main_116 
@ fnbeginparms 
@ fnendparms) 
@ fndeclend)) 
(@ fnbodybegin main_116 
(@ fnret0 
@ fnname main_116 
@ fnbeginparms 
@ fnendparms) 
@ fnbody main_116 
(@ localdecl xlreal w_117 
@ localdecl xlreal t0_118 
@ localdecl xlreal t_119 
@ localdecl xlreal b_120 
@ localdecl xlreal a_121 
@ localdecl xlreal a2_122 
@ localdecl xlreal y_123 
@ localdecl xlreal z_124 

    @ decl 
    @ decl 
    @ decl 
    B := - A + B 
    A := (- 0 * X + - 2 * 1) * exp ( - 2 * X) 
    A2 := dexp (2 * X) / dX + d (exp (2 * X) ) / dX 
    Y := d (exp ( - 2 * W * (T - T0) ) * sin (2 * W * (T - T0) ) ) / dT 
    Z := {constantfold} (sin X - sin X)

@ exitlabel main_116) 
@ fnbodyend main_116 
@ mainbegin 
(@ decl 
(@ nop 
@ nop 
(@ nop 
@ nop 
@ nop))) 
@ maininvoke 
@ mainend)
