@ fndeclbegin 
(@ fnret1 Real 
@ fnname sin_2 
@ fnbeginparms 
@ fnparm Real x_1 
@ fnendparms) 
@ fndeclend 
(@ fndeclbegin 
(@ fnret0 
@ fnname copy_5 
@ fnbeginparms 
@ fnparm Real target_3 
@ fnparm Real source_4 
@ fnendparms) 
@ fndeclend) 
(@ fndeclbegin 
(@ fnret0 
@ fnname main_6 
@ fnbeginparms 
@ fnendparms) 
@ fndeclend) 
(@ fnbodybegin main_6 
(@ fnret0 
@ fnname main_6 
@ fnbeginparms 
@ fnendparms) 
@ fnbody main_6 
(@ localdecl Real w_7 
@ localdecl Real t0_8 
@ localdecl Real t_9 
@ localdecl Real b_10 
@ localdecl Real a_11 
@ localdecl Real a2_12 
@ localdecl Real y_13 
@ localdecl Real z_14 

    @ decl 
    @ decl 
    @ decl 
    B := - A + B 
    A := (- 0 * X + - 2 * 1) * exp ( - 2 * X) 
    A2 := dexp (2 * X) / dX + d (exp (2 * X) ) / dX 
    Y := d (exp ( - 2 * W * (T - T0) ) * sin (2 * W * (T - T0) ) ) / dT 
    Z := {constantfold} (sin X - sin X)

@ exitlabel main_6) 
@ fnbodyend main_6 
@ mainbegin 
(@ nop 
@ nop 
@ nop) 
@ maininvoke 
@ mainend)
