Hello1
Hello2
Hello3
Hello4
Hello5
Hello6
Hello7
Hello8
Hello9
Hello10
Hello11
Hello12
Hello13
Hello14
Hello15
Hello16
Hello17
Hello18
Hello19
Hello20
Hello21
Hello22
Hello23
Hello24
Hello25
Hello26
Hello27
Hello28
Hello29
Hello30
Hello31
Hello32
Hello33
Hello34
Hello35
Hello36
Hello37
Hello38
Hello39
Hello40
Hello41
Hello42
Hello43
Hello44
Hello45
Hello46
Hello47
Hello48
Hello49
Hello50
Hello51
Hello52
Hello53
Hello54
Hello55
Hello56
Hello57
Hello58
Hello59
Hello60
Hello61
Hello62
Hello63
Hello64
Hello65
Hello66
Hello67
Hello68
Hello69
Hello70
Hello71
Hello72
Hello73
Hello74
Hello75
Hello76
Hello77
Hello78
Hello79
Hello80
Hello81
Hello82
Hello83
Hello84
Hello85
Hello86
Hello87
Hello88
Hello89
Hello90
Hello91
Hello92
Hello93
Hello94
Hello95
Hello96
Hello97
Hello98
Hello99
Hello100
