05.Expressions/write-to-generic-function.xl:8: No translation for 'TestInOut (0) = 1'
| if TestInOut(0) = 1 then
|_________________^
library/runtime/default/./xl_builtins.xs:72: Form ''X' = 'Y'' could not be selected
|     function Equal(X, Y : integer) return boolean               written X=Y                     is XL.BYTECODE.equ_int
|__________________________________________________________________________^
05.Expressions/write-to-generic-function.xl:8: Error instantiating 'TestInOut'
| if TestInOut(0) = 1 then
|____________^
05.Expressions/write-to-generic-function.xl:3: Output parameter 'Z' cannot have constant type 'anything_I_want'
| function TestInOut(in out Z : anything_I_want) return anything_I_want is
|___________________________^
05.Expressions/write-to-generic-function.xl:8: Expression '@ error "No translation for 'TestInOut (0) = 1'" "Form ''X' = 'Y'' could not be selected" "Error instantiating 'TestInOut'" "Output parameter 'Z' cannot have constant type 'anything_I_want'"' has no type
| if TestInOut(0) = 1 then
|_________________^
