#include <stdio.h>
typedef char                   xlint8;
typedef short                  xlint16;
typedef int                    xlint32;
typedef long long              xlint64;
typedef unsigned char          xluint8;
typedef unsigned short         xluint16;
typedef unsigned int           xluint32;
typedef unsigned long long     xluint64;
typedef float                  xlreal32;
typedef double                 xlreal64;
typedef int                    xlint;
typedef unsigned               xluint;
typedef double                 xlreal;
typedef char                   xlbool;
typedef char                   xlchar;
typedef const char *           xltext;
typedef void *                 xlptr;
typedef struct {} /* !ANSIC */ xlrecord, xlmodule;
typedef FILE *                 xlfile;
xlfile xl_getstdfile(int n) {
  switch(n) {
    case 0: return stdin;
    case 1: return stdout;
    case 2: return stderr;
  }
  return NULL;
}
typedef xlint (*FnPtr_1279) ( xlint low_1277 , xlint high_1278 ) ;
typedef xlint (*FnPtr_1285) ( xlint low_1282 , xlint high_1283 , xlint incr_1284 ) ;
typedef xlreal (*FnPtr_1291) ( xlreal low_1288 , xlreal high_1289 , xlreal incr_1290 ) ;
typedef struct Record_1294 {
  xlmodule baserecord_1; /* RecF */
  FnPtr_1279 iterator_1280; /* RecF */
  FnPtr_1285 iterator_1286; /* RecF */
  FnPtr_1291 iterator_1292; /* RecF */
} Record_1294;
Record_1294 xlbuiltins_1295; /* Global */
typedef xlint (*FnPtr_1298) ( xlint b_1297 ) ;
xlint makeit_1299 ( xlint b_1297 ) ;
typedef xlreal (*FnPtr_1302) ( xlreal b_1301 ) ;
xlreal makeit_1303 ( xlreal b_1301 ) ;
typedef void (*FnPtr_1310) ( ) ;
void test_1311 ( ) ;
typedef struct Record_1316 {
  xlrecord baserecord_1312; /* RecF */
  xlint a_1313; /* RecF */
  xlint b_1314; /* RecF */
} Record_1316;
typedef Record_1316 (*FnPtr_1319) ( Record_1316 source_1318 ) ;
Record_1316 copy_1320 ( Record_1316 source_1318 ) ;
Record_1316 crapal_1321; /* Global */
Record_1316 fungoid_1322; /* Global */
typedef void (*FnPtr_1323) ( ) ;
void testoperators_1324 ( ) ;
typedef Record_1316 (*FnPtr_1341) ( Record_1316 b_1340 ) ;
Record_1316 makeit_1342 ( Record_1316 b_1340 ) ;
Record_1316 znort_1344; /* Global */
xlint makeit_1299 ( xlint b_1297 ) {
xlint a_1296; /* Out=Ret */
xlint ret_1325; /* Temp */
ret_1325 = 0;
a_1296 = ret_1325;
a_1296 = b_1297;
exit_makeit_1299: 0;
return a_1296;
}
xlreal makeit_1303 ( xlreal b_1301 ) {
xlreal a_1300; /* Out=Ret */
xlreal ret_1326; /* Temp */
ret_1326 = 0.0;
a_1300 = ret_1326;
a_1300 = b_1301;
exit_makeit_1303: 0;
return a_1300;
}
void test_1311 ( ) {
xlint zero_1327; /* Local */
xlint outret_1328; /* Ret */
xlint glop_1329; /* Local */
xlint outret_1330; /* Ret */
xlreal glap_1331; /* Local */
xlreal outret_1332; /* Ret */
xlint outret_1333; /* Ret */
xlreal outret_1334; /* Ret */
outret_1328 = makeit_1299 ( 1 );
zero_1327 = outret_1328;
outret_1330 = makeit_1299 ( 2 );
glop_1329 = outret_1330;
outret_1332 = makeit_1303 ( 1.5 );
glap_1331 = outret_1332;
outret_1333 = makeit_1299 ( 3 );
glop_1329 = outret_1333;
outret_1334 = makeit_1303 ( 6.3 );
glap_1331 = outret_1334;
exit_test_1311: 0;
}
Record_1316 copy_1320 ( Record_1316 source_1318 ) {
Record_1316 target_1317; /* Out=Ret */
/* xlint fld_1335; Ref */
/* xlint fld_1336; Ref */
/* xlint fld_1337; Ref */
/* xlint fld_1338; Ref */
#define fld_1336 (target_1317.a_1313)
#define fld_1335 (source_1318.b_1314)
fld_1336 = fld_1335;
#define fld_1338 (target_1317.b_1314)
#define fld_1337 (source_1318.a_1313)
fld_1338 = fld_1337;
exit_copy_1320: 0;
return target_1317;
}
Record_1316 makeit_1342 ( Record_1316 b_1340 ) {
Record_1316 a_1339; /* Out=Ret */
Record_1316 outret_1343; /* Ret */
outret_1343 = copy_1320 ( b_1340 );
a_1339 = outret_1343;
exit_makeit_1342: 0;
return a_1339;
}
void testoperators_1324 ( ) {
xlint bingo_1347; /* Local */
xlint outret_1348; /* Ret */
xlreal bonga_1349; /* Local */
xlreal outret_1350; /* Ret */
Record_1316 blatoid_1351; /* Local */
Record_1316 outret_1352; /* Ret */
outret_1348 = makeit_1299 ( 1 );
bingo_1347 = outret_1348;
outret_1350 = makeit_1303 ( 2.3 );
bonga_1349 = outret_1350;
outret_1352 = makeit_1342 ( fungoid_1322 );
blatoid_1351 = outret_1352;
exit_testoperators_1324: 0;
}
int main(int _argc, char **_argv)
{
Record_1316 outret_1345; /* Ret */
Record_1316 outret_1346; /* Ret */
/* Type */
outret_1345 = makeit_1342 ( crapal_1321 );
znort_1344 = outret_1345;
outret_1346 = makeit_1342 ( fungoid_1322 );
znort_1344 = outret_1346;
    /* Main */
    return 0;
}
/*end*/
