#include <stdio.h>
typedef char                   xlint8;
typedef short                  xlint16;
typedef int                    xlint32;
typedef long long              xlint64;
typedef unsigned char          xluint8;
typedef unsigned short         xluint16;
typedef unsigned int           xluint32;
typedef unsigned long long     xluint64;
typedef float                  xlreal32;
typedef double                 xlreal64;
typedef int                    xlint;
typedef unsigned               xluint;
typedef double                 xlreal;
typedef char                   xlbool;
typedef char                   xlchar;
typedef const char *           xltext;
typedef void *                 xlptr;
typedef struct {} /* !ANSIC */ xlrecord, xlmodule;
typedef FILE *                 xlfile;
typedef struct Record_954 {
  xlmodule base_1;
} Record_954;
Record_954 xlbuiltins_955; /* Global */
xlint ret_981; /* Temp */
xlint ret_982; /* Temp */
xlint ret_989; /* Temp */
xlint ret_990; /* Temp */
xlint koba_962; /* Global */
xlint kabo_963; /* Global */
xlint lkabo_970; /* Global */
xlint kubi_971; /* Global */
xlreal klonx_972; /* Global */
typedef xlint (*FnPtr_977) ( xlint x_975 , xlint y_976 ) ;
xlint ajouter_978 ( xlint x_975 , xlint y_976 ) ;
typedef xlint (*FnPtr_985) ( xlint x_983 , xlint y_984 ) ;
xlint soustraire_986 ( xlint x_983 , xlint y_984 ) ;
typedef xlreal (*FnPtr_993) ( xlreal x_991 , xlreal y_992 ) ;
xlreal soustraire_994 ( xlreal x_991 , xlreal y_992 ) ;
xlreal ret_997; /* Temp */
xlint ajouter_978 ( xlint x_975 , xlint y_976 ) {
xlint ret_980; /* Temp */
xlint result_979; /* Result */
ret_980 = x_975 + y_976;
result_979 = ret_980;
goto exit_ajouter_978;
exit_ajouter_978: 0;
return result_979;
}
xlint soustraire_986 ( xlint x_983 , xlint y_984 ) {
xlint ret_988; /* Temp */
xlint result_987; /* Result */
ret_988 = y_984 - x_983;
result_987 = ret_988;
goto exit_soustraire_986;
exit_soustraire_986: 0;
return result_987;
}
xlreal soustraire_994 ( xlreal x_991 , xlreal y_992 ) {
xlreal ret_996; /* Temp */
xlreal result_995; /* Result */
ret_996 = y_992 - x_991;
result_995 = ret_996;
goto exit_soustraire_994;
exit_soustraire_994: 0;
return result_995;
}
int main(int _argc, char **_argv)
{
xlint ret_981; /* Temp */
xlint ret_982; /* Temp */
xlint ret_989; /* Temp */
xlint ret_990; /* Temp */
xlreal ret_997; /* Temp */
ret_981 = ajouter_978 ( 1 , 2 );
koba_962 = ret_981;
ret_982 = ajouter_978 ( 3 , 4 );
kabo_963 = ret_982;
ret_989 = soustraire_986 ( 3 , 5 );
lkabo_970 = ret_989;
ret_990 = soustraire_986 ( 6 , 15 );
kubi_971 = ret_990;
ret_997 = soustraire_994 ( 3.7 , 2.9 );
klonx_972 = ret_997;
/* Type */
    /* Main */
    return 0;
}
/*end*/
