#include <stdio.h>
typedef char                   xlint8;
typedef short                  xlint16;
typedef int                    xlint32;
typedef long long              xlint64;
typedef unsigned char          xluint8;
typedef unsigned short         xluint16;
typedef unsigned int           xluint32;
typedef unsigned long long     xluint64;
typedef float                  xlreal32;
typedef double                 xlreal64;
typedef int                    xlint;
typedef unsigned               xluint;
typedef double                 xlreal;
typedef char                   xlbool;
typedef char                   xlchar;
typedef const char *           xltext;
typedef void *                 xlptr;
typedef struct {} /* !ANSIC */ xlrecord, xlmodule;
typedef FILE *                 xlfile;
xlfile xl_getstdfile(int n) {
  switch(n) {
    case 0: return stdin;
    case 1: return stdout;
    case 2: return stderr;
  }
  return NULL;
}
typedef xlint (*FnPtr_1279) ( xlint low_1277 , xlint high_1278 ) ;
typedef xlint (*FnPtr_1285) ( xlint low_1282 , xlint high_1283 , xlint incr_1284 ) ;
typedef xlreal (*FnPtr_1291) ( xlreal low_1288 , xlreal high_1289 , xlreal incr_1290 ) ;
typedef struct Record_1294 {
  xlmodule baserecord_1; /* RecF */
  FnPtr_1279 iterator_1280; /* RecF */
  FnPtr_1285 iterator_1286; /* RecF */
  FnPtr_1291 iterator_1292; /* RecF */
} Record_1294;
Record_1294 xlbuiltins_1295; /* Global */
typedef xlint (*FnPtr_1311) ( xlint x_1310 ) ;
xlint g_1312 ( xlint x_1310 ) ;
xlint ret_1326; /* Temp */
xlint g_1312 ( xlint x_1310 ) {
xlint ret_1327; /* Temp */
xlint ret_1328; /* Temp */
xlint ret_1329; /* Temp */
xlint result_1325; /* Result */
ret_1326 = 0;
result_1325 = ret_1326;
ret_1327 = x_1310 - 1;
ret_1328 = g_1312 ( ret_1327 );
ret_1329 = ret_1328 + 1;
result_1325 = ret_1329;
goto exit_g_1312;
exit_g_1312: 0;
return result_1325;
}
int main(int _argc, char **_argv)
{
xlint ret_1326; /* Temp */
/* Type */
/* Type */
    /* Main */
    return 0;
}
/*end*/
