#include <stdio.h>
typedef char                   xlint8;
typedef short                  xlint16;
typedef int                    xlint32;
typedef long long              xlint64;
typedef unsigned char          xluint8;
typedef unsigned short         xluint16;
typedef unsigned int           xluint32;
typedef unsigned long long     xluint64;
typedef float                  xlreal32;
typedef double                 xlreal64;
typedef int                    xlint;
typedef unsigned               xluint;
typedef double                 xlreal;
typedef char                   xlbool;
typedef char                   xlchar;
typedef const char *           xltext;
typedef void *                 xlptr;
typedef struct {} /* !ANSIC */ xlrecord, xlmodule;
typedef FILE *                 xlfile;
xlfile xl_getstdfile(int n) {
  switch(n) {
    case 0: return stdin;
    case 1: return stdout;
    case 2: return stderr;
  }
  return NULL;
}
typedef struct Record_1245 {
  xlmodule baserecord_1; /* RecF */
} Record_1245;
Record_1245 xlbuiltins_1246; /* Global */
typedef xlint (*FnPtr_1262) ( xlint x_1261 ) ;
xlint g_1263 ( xlint x_1261 ) ;
xlint g_1263 ( xlint x_1261 ) {
xlint ret_1277; /* Temp */
xlint ret_1278; /* Temp */
xlint ret_1279; /* Temp */
xlint result_1276; /* Result */
ret_1277 = x_1261 - 1;
ret_1278 = g_1263 ( ret_1277 );
ret_1279 = ret_1278 + 1;
result_1276 = ret_1279;
goto exit_g_1263;
exit_g_1263: 0;
return result_1276;
}
int main(int _argc, char **_argv)
{
/* Type */
/* Type */
    /* Main */
    return 0;
}
/*end*/
