#include <stdio.h>
typedef char                   xlint8;
typedef short                  xlint16;
typedef int                    xlint32;
typedef long long              xlint64;
typedef unsigned char          xluint8;
typedef unsigned short         xluint16;
typedef unsigned int           xluint32;
typedef unsigned long long     xluint64;
typedef float                  xlreal32;
typedef double                 xlreal64;
typedef int                    xlint;
typedef unsigned               xluint;
typedef double                 xlreal;
typedef char                   xlbool;
typedef char                   xlchar;
typedef const char *           xltext;
typedef void *                 xlptr;
typedef struct {} /* !ANSIC */ xlrecord, xlmodule;
typedef FILE *                 xlfile;
typedef struct Record_954 {
  xlmodule base_1;
} Record_954;
Record_954 xlbuiltins_955; /* Global */
xlint ret_979; /* Temp */
xlint ret_980; /* Temp */
xlint ret_987; /* Temp */
xlint ret_988; /* Temp */
xlint koba_962; /* Global */
xlint kabo_963; /* Global */
xlint lkabo_970; /* Global */
xlint kubi_971; /* Global */
xlreal klonx_972; /* Global */
typedef xlint (*FnPtr_975) ( xlint x_973 , xlint y_974 ) ;
xlint ajouter_976 ( xlint x_973 , xlint y_974 ) ;
typedef xlint (*FnPtr_983) ( xlint x_981 , xlint y_982 ) ;
xlint soustraire_984 ( xlint x_981 , xlint y_982 ) ;
typedef xlreal (*FnPtr_991) ( xlreal x_989 , xlreal y_990 ) ;
xlreal soustraire_992 ( xlreal x_989 , xlreal y_990 ) ;
xlreal ret_995; /* Temp */
xlint ajouter_976 ( xlint x_973 , xlint y_974 ) {
xlint ret_978; /* Temp */
xlint result_977; /* Result */
ret_978 = x_973 + y_974;
result_977 = ret_978;
goto exit_ajouter_976;
exit_ajouter_976: 0;
return result_977;
}
xlint soustraire_984 ( xlint x_981 , xlint y_982 ) {
xlint ret_986; /* Temp */
xlint result_985; /* Result */
ret_986 = y_982 - x_981;
result_985 = ret_986;
goto exit_soustraire_984;
exit_soustraire_984: 0;
return result_985;
}
xlreal soustraire_992 ( xlreal x_989 , xlreal y_990 ) {
xlreal ret_994; /* Temp */
xlreal result_993; /* Result */
ret_994 = y_990 - x_989;
result_993 = ret_994;
goto exit_soustraire_992;
exit_soustraire_992: 0;
return result_993;
}
int main(int _argc, char **_argv)
{
xlint ret_979; /* Temp */
xlint ret_980; /* Temp */
xlint ret_987; /* Temp */
xlint ret_988; /* Temp */
xlreal ret_995; /* Temp */
ret_979 = ajouter_976 ( 1 , 2 );
koba_962 = ret_979;
ret_980 = ajouter_976 ( 3 , 4 );
kabo_963 = ret_980;
ret_987 = soustraire_984 ( 3 , 5 );
lkabo_970 = ret_987;
ret_988 = soustraire_984 ( 6 , 15 );
kubi_971 = ret_988;
ret_995 = soustraire_992 ( 3.7 , 2.9 );
klonx_972 = ret_995;
/* Type */
    /* Main */
    return 0;
}
/*end*/
