#include <stdio.h>
typedef char                   xlint8;
typedef short                  xlint16;
typedef int                    xlint32;
typedef long long              xlint64;
typedef unsigned char          xluint8;
typedef unsigned short         xluint16;
typedef unsigned int           xluint32;
typedef unsigned long long     xluint64;
typedef float                  xlreal32;
typedef double                 xlreal64;
typedef int                    xlint;
typedef unsigned               xluint;
typedef double                 xlreal;
typedef char                   xlbool;
typedef char                   xlchar;
typedef const char *           xltext;
typedef void *                 xlptr;
typedef struct {} /* !ANSIC */ xlrecord, xlmodule;
typedef FILE *                 xlfile;
xlfile xl_getstdfile(int n) {
  switch(n) {
    case 0: return stdin;
    case 1: return stdout;
    case 2: return stderr;
  }
  return NULL;
}
typedef struct Record_954 {
  xlmodule baserecord_1; /* RecF */
} Record_954;
Record_954 xlbuiltins_955; /* Global */
typedef struct Record_963 {
  xlrecord baserecord_959; /* RecF */
  xlint first_960; /* RecF */
  xlint second_961; /* RecF */
} Record_963;
Record_963 k_964; /* Global */
typedef struct Record_972 {
  xlrecord baserecord_968; /* RecF */
  xlint first_969; /* RecF */
  xlint second_970; /* RecF */
} Record_972;
Record_972 l_973; /* Global */
typedef struct Record_978 {
  xlrecord baserecord_974; /* RecF */
  Record_963 first_975; /* RecF */
  Record_963 second_976; /* RecF */
} Record_978;
Record_978 z_979; /* Global */
Record_978 u_980; /* Global */
int main(int _argc, char **_argv)
{
/* Type */
/* Type */
    /* Main */
    return 0;
}
/*end*/
