#include <stdio.h>
typedef char                   xlint8;
typedef short                  xlint16;
typedef int                    xlint32;
typedef long long              xlint64;
typedef unsigned char          xluint8;
typedef unsigned short         xluint16;
typedef unsigned int           xluint32;
typedef unsigned long long     xluint64;
typedef float                  xlreal32;
typedef double                 xlreal64;
typedef int                    xlint;
typedef unsigned               xluint;
typedef double                 xlreal;
typedef char                   xlbool;
typedef char                   xlchar;
typedef const char *           xltext;
typedef void *                 xlptr;
typedef struct {} /* !ANSIC */ xlrecord, xlmodule;
typedef FILE *                 xlfile;
xlfile xl_getstdfile(int n) {
  switch(n) {
    case 0: return stdin;
    case 1: return stdout;
    case 2: return stderr;
  }
  return NULL;
}
typedef struct Record_1277 {
  xlmodule baserecord_1; /* RecF */
} Record_1277;
Record_1277 xlbuiltins_1278; /* Global */
typedef struct Record_1286 {
  xlrecord baserecord_1282; /* RecF */
  xlint first_1283; /* RecF */
  xlint second_1284; /* RecF */
} Record_1286;
Record_1286 k_1287; /* Global */
typedef struct Record_1295 {
  xlrecord baserecord_1291; /* RecF */
  xlint first_1292; /* RecF */
  xlint second_1293; /* RecF */
} Record_1295;
Record_1295 l_1296; /* Global */
typedef struct Record_1301 {
  xlrecord baserecord_1297; /* RecF */
  Record_1286 first_1298; /* RecF */
  Record_1286 second_1299; /* RecF */
} Record_1301;
Record_1301 z_1302; /* Global */
Record_1301 u_1303; /* Global */
int main(int _argc, char **_argv)
{
/* Type */
/* Type */
    /* Main */
    return 0;
}
/*end*/
