#include <stdio.h>
typedef char                   xlint8;
typedef short                  xlint16;
typedef int                    xlint32;
typedef long long              xlint64;
typedef unsigned char          xluint8;
typedef unsigned short         xluint16;
typedef unsigned int           xluint32;
typedef unsigned long long     xluint64;
typedef float                  xlreal32;
typedef double                 xlreal64;
typedef int                    xlint;
typedef unsigned               xluint;
typedef double                 xlreal;
typedef char                   xlbool;
typedef char                   xlchar;
typedef const char *           xltext;
typedef void *                 xlptr;
typedef struct {} /* !ANSIC */ xlrecord, xlmodule;
typedef FILE *                 xlfile;
xlfile xl_getstdfile(int n) {
  switch(n) {
    case 0: return stdin;
    case 1: return stdout;
    case 2: return stderr;
  }
  return NULL;
}
typedef struct Record_1245 {
  xlmodule baserecord_1; /* RecF */
} Record_1245;
Record_1245 xlbuiltins_1246; /* Global */
typedef struct Record_1254 {
  xlrecord baserecord_1250; /* RecF */
  xlint first_1251; /* RecF */
  xlint second_1252; /* RecF */
} Record_1254;
Record_1254 k_1255; /* Global */
typedef struct Record_1263 {
  xlrecord baserecord_1259; /* RecF */
  xlint first_1260; /* RecF */
  xlint second_1261; /* RecF */
} Record_1263;
Record_1263 l_1264; /* Global */
typedef struct Record_1269 {
  xlrecord baserecord_1265; /* RecF */
  Record_1254 first_1266; /* RecF */
  Record_1254 second_1267; /* RecF */
} Record_1269;
Record_1269 z_1270; /* Global */
Record_1269 u_1271; /* Global */
int main(int _argc, char **_argv)
{
/* Type */
/* Type */
    /* Main */
    return 0;
}
/*end*/
