10.Generics/minimax_vararg_generic_mismatch.xl:17: No translation found for 'Test_bad := Max (1 , 2.5)'
| Test_bad     : integer := Max(1, 2.5)
|______________________________^
10.Generics/minimax_vararg_generic_mismatch.xl:12: No translation found for 'result := Max ( ... )'
|     result := Max(...)
|_____________^
10.Generics/minimax_vararg_generic_mismatch.xl:17: while instantiating 'Max':
| Test_bad     : integer := Max(1, 2.5)
|_____________________________^
10.Generics/minimax_vararg_generic_mismatch.xl:17: with '...' set to '2.5'
| Test_bad     : integer := Max(1, 2.5)
|____________________________________^
