#include <stdio.h>
typedef char                   xlint8;
typedef short                  xlint16;
typedef int                    xlint32;
typedef long long              xlint64;
typedef unsigned char          xluint8;
typedef unsigned short         xluint16;
typedef unsigned int           xluint32;
typedef unsigned long long     xluint64;
typedef float                  xlreal32;
typedef double                 xlreal64;
typedef int                    xlint;
typedef unsigned               xluint;
typedef double                 xlreal;
typedef char                   xlbool;
typedef char                   xlchar;
typedef const char *           xltext;
typedef void *                 xlptr;
typedef struct {} /* !ANSIC */ xlrecord, xlmodule;
typedef FILE *                 xlfile;
xlfile xl_getstdfile(int n) {
  switch(n) {
    case 0: return stdin;
    case 1: return stdout;
    case 2: return stderr;
  }
  return NULL;
}
typedef struct Record_954 {
  xlmodule baserecord_1; /* RecF */
} Record_954;
Record_954 xlbuiltins_955; /* Global */
xlint ret_979; /* Temp */
xlint ret_980; /* Temp */
xlint q_962; /* Global */
xlint z_970; /* Global */
typedef xlint (*FnPtr_975) ( xlint a_973 , xlint b_974 ) ;
xlint f_976 ( xlint a_973 , xlint b_974 ) ;
typedef xlint (*FnPtr_985) ( xlint a_981 , xlint b_982 , xlint c_983 , xlint d_984 ) ;
xlint g_986 ( xlint a_981 , xlint b_982 , xlint c_983 , xlint d_984 ) ;
xlint ret_991; /* Temp */
xlint f_976 ( xlint a_973 , xlint b_974 ) {
xlint ret_978; /* Temp */
xlint result_977; /* Result */
ret_978 = a_973 + b_974;
result_977 = ret_978;
goto exit_f_976;
exit_f_976: 0;
return result_977;
}
xlint g_986 ( xlint a_981 , xlint b_982 , xlint c_983 , xlint d_984 ) {
xlint ret_988; /* Temp */
xlint ret_989; /* Temp */
xlint ret_990; /* Temp */
xlint result_987; /* Result */
ret_988 = b_982 * c_983;
ret_989 = ret_988 / d_984;
ret_990 = a_981 + ret_989;
result_987 = ret_990;
goto exit_g_986;
exit_g_986: 0;
return result_987;
}
int main(int _argc, char **_argv)
{
xlint ret_979; /* Temp */
xlint ret_980; /* Temp */
xlint ret_991; /* Temp */
ret_979 = f_976 ( 1 , 5 );
q_962 = ret_979;
ret_980 = -3;
ret_991 = g_986 ( 1 , ret_980 , 6 , 4 );
z_970 = ret_991;
/* Type */
    /* Main */
    return 0;
}
/*end*/
