#include <stdio.h>
typedef char                   xlint8;
typedef short                  xlint16;
typedef int                    xlint32;
typedef long long              xlint64;
typedef unsigned char          xluint8;
typedef unsigned short         xluint16;
typedef unsigned int           xluint32;
typedef unsigned long long     xluint64;
typedef float                  xlreal32;
typedef double                 xlreal64;
typedef int                    xlint;
typedef unsigned               xluint;
typedef double                 xlreal;
typedef char                   xlbool;
typedef char                   xlchar;
typedef const char *           xltext;
typedef void *                 xlptr;
typedef struct {} /* !ANSIC */ xlrecord, xlmodule;
typedef FILE *                 xlfile;
xlfile xl_getstdfile(int n) {
  switch(n) {
    case 0: return stdin;
    case 1: return stdout;
    case 2: return stderr;
  }
  return NULL;
}
typedef struct Record_1245 {
  xlmodule baserecord_1; /* RecF */
} Record_1245;
Record_1245 xlbuiltins_1246; /* Global */
xlint ret_1270; /* Temp */
xlint ret_1271; /* Temp */
xlint q_1253; /* Global */
xlint z_1261; /* Global */
typedef xlint (*FnPtr_1266) ( xlint a_1264 , xlint b_1265 ) ;
xlint f_1267 ( xlint a_1264 , xlint b_1265 ) ;
typedef xlint (*FnPtr_1276) ( xlint a_1272 , xlint b_1273 , xlint c_1274 , xlint d_1275 ) ;
xlint g_1277 ( xlint a_1272 , xlint b_1273 , xlint c_1274 , xlint d_1275 ) ;
xlint ret_1282; /* Temp */
xlint f_1267 ( xlint a_1264 , xlint b_1265 ) {
xlint ret_1269; /* Temp */
xlint result_1268; /* Result */
ret_1269 = a_1264 + b_1265;
result_1268 = ret_1269;
goto exit_f_1267;
exit_f_1267: 0;
return result_1268;
}
xlint g_1277 ( xlint a_1272 , xlint b_1273 , xlint c_1274 , xlint d_1275 ) {
xlint ret_1279; /* Temp */
xlint ret_1280; /* Temp */
xlint ret_1281; /* Temp */
xlint result_1278; /* Result */
ret_1279 = b_1273 * c_1274;
ret_1280 = ret_1279 / d_1275;
ret_1281 = a_1272 + ret_1280;
result_1278 = ret_1281;
goto exit_g_1277;
exit_g_1277: 0;
return result_1278;
}
int main(int _argc, char **_argv)
{
xlint ret_1270; /* Temp */
xlint ret_1271; /* Temp */
xlint ret_1282; /* Temp */
ret_1270 = f_1267 ( 1 , 5 );
q_1253 = ret_1270;
ret_1271 = -3;
ret_1282 = g_1277 ( 1 , ret_1271 , 6 , 4 );
z_1261 = ret_1282;
/* Type */
    /* Main */
    return 0;
}
/*end*/
