10.Generics/recursive_instantiation.xl:7: No translation for 'L := Moxotron (3)'
| L : integer := Moxotron(3)
|________________________^
library/runtime/default/./xl_builtins.xs:58: Form ''Tgt' := 'Src'' could not be selected
|     to Copy(out Tgt : integer; in Src : integer)                written Tgt := Src              is XL.BYTECODE.copy_int
|______________________________________________________________________________^
10.Generics/recursive_instantiation.xl:7: Error instantiating 'Moxotron' with '...' set to 'var_5130 : integer'
| L : integer := Moxotron(3)
|_______________________^
10.Generics/recursive_instantiation.xl:5: No translation for 'result := Moxotron (2 , ... )'
|     return Moxotron(2, ...)
|____________________^
library/runtime/default/./xl_builtins.xs:58: Form ''Tgt' := 'Src'' could not be selected
|     to Copy(out Tgt : integer; in Src : integer)                written Tgt := Src              is XL.BYTECODE.copy_int
|______________________________________________________________________________^
10.Generics/recursive_instantiation.xl:5: Error instantiating 'Moxotron' with '...' set to 'var_5127 : integer ; var_5128 : integer'
|     return Moxotron(2, ...)
|___________________^
10.Generics/recursive_instantiation.xl:5: No translation for 'result := Moxotron (2 , ... )'
|     return Moxotron(2, ...)
|___________________^
library/runtime/default/./xl_builtins.xs:58: Form ''Tgt' := 'Src'' could not be selected
|     to Copy(out Tgt : integer; in Src : integer)                written Tgt := Src              is XL.BYTECODE.copy_int
|______________________________________________________________________________^
10.Generics/recursive_instantiation.xl:5: Error instantiating 'Moxotron' with '...' set to '(var_5123 : integer ; var_5124 : integer) ; var_5125 : integer'
|     return Moxotron(2, ...)
|___________________^
10.Generics/recursive_instantiation.xl:5: No translation for 'result := Moxotron (2 , ... )'
|     return Moxotron(2, ...)
|____________________^
