#include <stdio.h>
typedef char                   xlint8;
typedef short                  xlint16;
typedef int                    xlint32;
typedef long long              xlint64;
typedef unsigned char          xluint8;
typedef unsigned short         xluint16;
typedef unsigned int           xluint32;
typedef unsigned long long     xluint64;
typedef float                  xlreal32;
typedef double                 xlreal64;
typedef int                    xlint;
typedef unsigned               xluint;
typedef double                 xlreal;
typedef char                   xlbool;
typedef char                   xlchar;
typedef const char *           xltext;
typedef void *                 xlptr;
typedef struct {} /* !ANSIC */ xlrecord, xlmodule;
typedef FILE *                 xlfile;
xlfile xl_getstdfile(int n) {
  switch(n) {
    case 0: return stdin;
    case 1: return stdout;
    case 2: return stderr;
  }
  return NULL;
}
typedef struct Record_1277 {
  xlmodule baserecord_1; /* RecF */
} Record_1277;
Record_1277 xlbuiltins_1278; /* Global */
xlint ret_1317; /* Temp */
xlint ret_1310; /* Temp */
xlint ret_1289; /* Temp */
xlint ret_1301; /* Temp */
typedef xlint (*FnPtr_1280) ( xlint x_1279 ) ;
xlint max_1281 ( xlint x_1279 ) ;
xlint k_1286; /* Global */
xlint l_1287; /* Global */
typedef xlint (*FnPtr_1298) ( xlint x_1294 , xlint var1291_1295 , xlint var1292_1296 , xlint var1293_1297 ) ;
xlint max_1299 ( xlint x_1294 , xlint var1291_1295 , xlint var1292_1296 , xlint var1293_1297 ) ;
typedef xlint (*FnPtr_1307) ( xlint x_1304 , xlint var1302_1305 , xlint var1303_1306 ) ;
xlint max_1308 ( xlint x_1304 , xlint var1302_1305 , xlint var1303_1306 ) ;
typedef xlint (*FnPtr_1314) ( xlint x_1312 , xlint var1311_1313 ) ;
xlint max_1315 ( xlint x_1312 , xlint var1311_1313 ) ;
xlint ret_1327; /* Temp */
xlint ret_1328; /* Temp */
xlint max_1281 ( xlint x_1279 ) {
xlint result_1288; /* Result */
ret_1289 = 0;
result_1288 = ret_1289;
result_1288 = x_1279;
goto exit_max_1281;
exit_max_1281: 0;
return result_1288;
}
xlint max_1315 ( xlint x_1312 , xlint var1311_1313 ) {
xlint ret_1318; /* Temp */
xlbool ret_1320; /* Temp */
xlint result_1316; /* Result */
ret_1317 = 0;
result_1316 = ret_1317;
ret_1318 = max_1281 ( var1311_1313 );
result_1316 = ret_1318;
ret_1320 = result_1316 < x_1312;
if(!(ret_1320)) goto else_if_1319;
result_1316 = x_1312;
else_if_1319: 0;
exit_max_1315: 0;
return result_1316;
}
xlint max_1308 ( xlint x_1304 , xlint var1302_1305 , xlint var1303_1306 ) {
xlint ret_1321; /* Temp */
xlbool ret_1323; /* Temp */
xlint result_1309; /* Result */
ret_1310 = 0;
result_1309 = ret_1310;
ret_1321 = max_1315 ( var1302_1305 , var1303_1306 );
result_1309 = ret_1321;
ret_1323 = result_1309 < x_1304;
if(!(ret_1323)) goto else_if_1322;
result_1309 = x_1304;
else_if_1322: 0;
exit_max_1308: 0;
return result_1309;
}
xlint max_1299 ( xlint x_1294 , xlint var1291_1295 , xlint var1292_1296 , xlint var1293_1297 ) {
xlint ret_1324; /* Temp */
xlbool ret_1326; /* Temp */
xlint result_1300; /* Result */
ret_1301 = 0;
result_1300 = ret_1301;
ret_1324 = max_1308 ( var1291_1295 , var1292_1296 , var1293_1297 );
result_1300 = ret_1324;
ret_1326 = result_1300 < x_1294;
if(!(ret_1326)) goto else_if_1325;
result_1300 = x_1294;
else_if_1325: 0;
exit_max_1299: 0;
return result_1300;
}
int main(int _argc, char **_argv)
{
xlint ret_1317; /* Temp */
xlint ret_1310; /* Temp */
xlint ret_1289; /* Temp */
xlint ret_1301; /* Temp */
xlint ret_1327; /* Temp */
xlint ret_1328; /* Temp */
ret_1327 = max_1299 ( 1 , 2 , 3 , 4 );
k_1286 = ret_1327;
ret_1328 = max_1308 ( 1 , 2 , 3 );
l_1287 = ret_1328;
    /* Main */
    return 0;
}
/*end*/
