#include <stdio.h>
typedef char                   xlint8;
typedef short                  xlint16;
typedef int                    xlint32;
typedef long long              xlint64;
typedef unsigned char          xluint8;
typedef unsigned short         xluint16;
typedef unsigned int           xluint32;
typedef unsigned long long     xluint64;
typedef float                  xlreal32;
typedef double                 xlreal64;
typedef int                    xlint;
typedef unsigned               xluint;
typedef double                 xlreal;
typedef char                   xlbool;
typedef char                   xlchar;
typedef const char *           xltext;
typedef void *                 xlptr;
typedef struct {} /* !ANSIC */ xlrecord, xlmodule;
typedef FILE *                 xlfile;
xlfile xl_getstdfile(int n) {
  switch(n) {
    case 0: return stdin;
    case 1: return stdout;
    case 2: return stderr;
  }
  return NULL;
}
typedef struct Record_1245 {
  xlmodule baserecord_1; /* RecF */
} Record_1245;
Record_1245 xlbuiltins_1246; /* Global */
typedef struct Record_1256 {
  xlrecord baserecord_1252; /* RecF */
  xlreal re_1253; /* RecF */
  xlreal im_1254; /* RecF */
} Record_1256;
typedef xlbool (*FnPtr_1259) ( Record_1256 x_1257 , Record_1256 y_1258 ) ;
xlbool lessthan_1260 ( Record_1256 x_1257 , Record_1256 y_1258 ) ;
typedef Record_1256 (*FnPtr_1263) ( Record_1256 src_1262 ) ;
Record_1256 copy_1264 ( Record_1256 src_1262 ) ;
Record_1256 z_1265; /* Global */
typedef Record_1256 (*FnPtr_1278) ( Record_1256 x_1277 ) ;
Record_1256 max_1279 ( Record_1256 x_1277 ) ;
Record_1256 ret_1282; /* Temp */
Record_1256 outret_1283; /* Ret */
xlbool lessthan_1260 ( Record_1256 x_1257 , Record_1256 y_1258 ) {
xlbool ret_1268; /* Temp */
xlbool result_1267; /* Result */
ret_1268 = lessthan_1260 ( x_1257 , y_1258 );
result_1267 = ret_1268;
goto exit_lessthan_1260;
exit_lessthan_1260: 0;
return result_1267;
}
Record_1256 copy_1264 ( Record_1256 src_1262 ) {
Record_1256 tgt_1261; /* Out=Ret */
/* xlreal fld_1269; Ref */
/* xlreal fld_1270; Ref */
/* xlreal fld_1271; Ref */
/* xlreal fld_1272; Ref */
#define fld_1270 (tgt_1261.re_1253)
#define fld_1269 (src_1262.re_1253)
fld_1270 = fld_1269;
#define fld_1272 (tgt_1261.im_1254)
#define fld_1271 (src_1262.im_1254)
fld_1272 = fld_1271;
exit_copy_1264: 0;
return tgt_1261;
}
Record_1256 max_1279 ( Record_1256 x_1277 ) {
Record_1256 outret_1281; /* Ret */
Record_1256 result_1280; /* Result */
outret_1281 = copy_1264 ( x_1277 );
result_1280 = outret_1281;
goto exit_max_1279;
exit_max_1279: 0;
return result_1280;
}
int main(int _argc, char **_argv)
{
Record_1256 ret_1282; /* Temp */
Record_1256 outret_1283; /* Ret */
ret_1282 = max_1279 ( z_1265 );
outret_1283 = copy_1264 ( ret_1282 );
z_1265 = outret_1283;
/* Type */
/* Type */
    /* Main */
    return 0;
}
/*end*/
