
(infix <CR>
 (infix :
  X
  (infix :=
   integer
   (infix +
    1
    (prefix
     F
     (block( )
      (infix ,
       (infix ,
        (infix ,
         A
         B)
        C)
       D))))))
 (prefix
  (block{ }
   pragma)
  (prefix
   procedure
   (prefix
    Test
    (block( )
     (infix :
      X
      integer))))))


